<html>
<body>
<pre>
<h1>礦ision Build Log</h1>
<h2>Tool Versions:</h2>
IDE-Version: μVision V5.15
Copyright (C) 2015 ARM Ltd and ARM Germany GmbH. All rights reserved.
License Information: xb xb, xb, LIC=14HV2-9I77V-UHP8H-W6V3Q-6HJEF-WA8IK
 
Tool Versions:
Toolchain:       MDK-ARM Standard  Version: 5.15.0
Toolchain Path:  G:\keil\ARM\ARMCC\Bin
C Compiler:      Armcc.exe V5.05 update 2 (build 169)
Assembler:       Armasm.exe V5.05 update 2 (build 169)
Linker/Locator:  ArmLink.exe V5.05 update 2 (build 169)
Library Manager: ArmAr.exe V5.05 update 2 (build 169)
Hex Converter:   FromElf.exe V5.05 update 2 (build 169)
CPU DLL:         SARMCM3.DLL V5.15.0
Dialog DLL:      DCM.DLL V1.13.2.0
Target DLL:      STLink\ST-LINKIII-KEIL_SWO.dll V2.0.15.0_KEIL
Dialog DLL:      TCM.DLL V1.14.5.0
 
<h2>Project:</h2>
G:\优瀚\水光\软件\小波哥--------前进一圈\xbg_1.uvprojx
Project File Date:  08/21/2023

<h2>Output:</h2>
*** Using Compiler 'V5.05 update 2 (build 169)', folder: 'G:\keil\ARM\ARMCC\Bin'
Build target 'Target 1'
assembling startup_stm32f10x_hd.s...
compiling stm32f10x_it.c...
compiling system_stm32f10x.c...
compiling main.c...
compiling beep.c...
compiling systick.c...
compiling adc.c...
compiling usart.c...
User\src\usart.c(358): warning:  #940-D: missing return statement at end of non-void function "_sys_exit"
        } 
User\src\usart.c: 1 warning, 0 errors
compiling nvic.c...
User\src\nvic.c(142): warning:  #177-D: variable "i" was declared but never referenced
        static u16 i= 0;
User\src\nvic.c(183): warning:  #177-D: variable "TIM_CC3" was declared but never referenced
        u8 TIM_CC3 = 0;
User\src\nvic.c: 2 warnings, 0 errors
compiling motor.c...
compiling timer.c...
compiling gpio.c...
compiling dgus.c...
compiling function.c...
compiling pvd.c...
compiling misc.c...
compiling stm32f10x_adc.c...
compiling stm32f10x_bkp.c...
compiling stm32f10x_can.c...
compiling stm32f10x_cec.c...
compiling stm32f10x_crc.c...
compiling stm32f10x_dac.c...
compiling stm32f10x_dbgmcu.c...
compiling stm32f10x_dma.c...
compiling stm32f10x_exti.c...
compiling stm32f10x_flash.c...
compiling stm32f10x_gpio.c...
compiling stm32f10x_i2c.c...
compiling stm32f10x_iwdg.c...
compiling stm32f10x_pwr.c...
compiling stm32f10x_rcc.c...
compiling stm32f10x_rtc.c...
compiling stm32f10x_sdio.c...
compiling stm32f10x_spi.c...
compiling stm32f10x_tim.c...
compiling stm32f10x_usart.c...
compiling stm32f10x_wwdg.c...
linking...
Program Size: Code=7868 RO-data=336 RW-data=444 ZI-data=1716  
FromELF: creating hex file...
".\Objects\xbg_1.axf" - 0 Error(s), 3 Warning(s).

<h2>Collection of Component include folders:</h2>
  G:\优瀚\水光\软件\小波哥--------前进一圈\RTE
  G:\keil\ARM\PACK\Keil\STM32F1xx_DFP\2.3.0\Device\Include

<h2>Collection of Component Files used:</h2>
</pre>
</body>
</html>
