Component: ARM Compiler 5.05 update 2 (build 169) Tool: armlink [4d0f33]

==============================================================================

Section Cross References

    startup_stm32f10x_hd.o(STACK) refers (Special) to heapauxi.o(.text) for __use_two_region_memory
    startup_stm32f10x_hd.o(HEAP) refers (Special) to heapauxi.o(.text) for __use_two_region_memory
    startup_stm32f10x_hd.o(RESET) refers (Special) to heapauxi.o(.text) for __use_two_region_memory
    startup_stm32f10x_hd.o(RESET) refers to startup_stm32f10x_hd.o(STACK) for __initial_sp
    startup_stm32f10x_hd.o(RESET) refers to startup_stm32f10x_hd.o(.text) for Reset_Handler
    startup_stm32f10x_hd.o(RESET) refers to stm32f10x_it.o(i.NMI_Handler) for NMI_Handler
    startup_stm32f10x_hd.o(RESET) refers to stm32f10x_it.o(i.HardFault_Handler) for HardFault_Handler
    startup_stm32f10x_hd.o(RESET) refers to stm32f10x_it.o(i.MemManage_Handler) for MemManage_Handler
    startup_stm32f10x_hd.o(RESET) refers to stm32f10x_it.o(i.BusFault_Handler) for BusFault_Handler
    startup_stm32f10x_hd.o(RESET) refers to stm32f10x_it.o(i.UsageFault_Handler) for UsageFault_Handler
    startup_stm32f10x_hd.o(RESET) refers to stm32f10x_it.o(i.SVC_Handler) for SVC_Handler
    startup_stm32f10x_hd.o(RESET) refers to stm32f10x_it.o(i.DebugMon_Handler) for DebugMon_Handler
    startup_stm32f10x_hd.o(RESET) refers to stm32f10x_it.o(i.PendSV_Handler) for PendSV_Handler
    startup_stm32f10x_hd.o(RESET) refers to stm32f10x_it.o(i.SysTick_Handler) for SysTick_Handler
    startup_stm32f10x_hd.o(RESET) refers to nvic.o(i.DMA1_Channel1_IRQHandler) for DMA1_Channel1_IRQHandler
    startup_stm32f10x_hd.o(RESET) refers to nvic.o(i.TIM1_UP_IRQHandler) for TIM1_UP_IRQHandler
    startup_stm32f10x_hd.o(RESET) refers to nvic.o(i.TIM2_IRQHandler) for TIM2_IRQHandler
    startup_stm32f10x_hd.o(RESET) refers to nvic.o(i.USART1_IRQHandler) for USART1_IRQHandler
    startup_stm32f10x_hd.o(RESET) refers to nvic.o(i.USART2_IRQHandler) for USART2_IRQHandler
    startup_stm32f10x_hd.o(.text) refers (Special) to heapauxi.o(.text) for __use_two_region_memory
    startup_stm32f10x_hd.o(.text) refers to system_stm32f10x.o(i.SystemInit) for SystemInit
    startup_stm32f10x_hd.o(.text) refers to __main.o(!!!main) for __main
    startup_stm32f10x_hd.o(.text) refers to startup_stm32f10x_hd.o(HEAP) for Heap_Mem
    startup_stm32f10x_hd.o(.text) refers to startup_stm32f10x_hd.o(STACK) for Stack_Mem
    system_stm32f10x.o(i.SetSysClock) refers to system_stm32f10x.o(i.SetSysClockTo72) for SetSysClockTo72
    system_stm32f10x.o(i.SystemCoreClockUpdate) refers to system_stm32f10x.o(.data) for SystemCoreClock
    system_stm32f10x.o(i.SystemInit) refers to system_stm32f10x.o(i.SetSysClock) for SetSysClock
    main.o(i.main) refers to misc.o(i.NVIC_PriorityGroupConfig) for NVIC_PriorityGroupConfig
    main.o(i.main) refers to usart.o(i.Usart2_Init) for Usart2_Init
    main.o(i.main) refers to beep.o(i.Beep_Init) for Beep_Init
    main.o(i.main) refers to motor.o(i.Fuya_Init) for Fuya_Init
    main.o(i.main) refers to motor.o(i.Foot_Init) for Foot_Init
    main.o(i.main) refers to motor.o(i.Valve_Init) for Valve_Init
    main.o(i.main) refers to adc.o(i.ADC_DMA_Init) for ADC_DMA_Init
    main.o(i.main) refers to adc.o(i.Adc1_Ch9_Init) for Adc1_Ch9_Init
    main.o(i.main) refers to pvd.o(i.Pvd_Init) for Pvd_Init
    main.o(i.main) refers to motor.o(i.TIM2_Encoder_Init) for TIM2_Encoder_Init
    main.o(i.main) refers to timer.o(i.TIM4_Motor_Pwm) for TIM4_Motor_Pwm
    main.o(i.main) refers to timer.o(i.Tim1_IT_ms) for Tim1_IT_ms
    main.o(i.main) refers to beep.o(i.Sound_buzzer_du_di) for Sound_buzzer_du_di
    main.o(i.main) refers to timer.o(i.Delay_ms) for Delay_ms
    main.o(i.main) refers to nvic.o(.data) for Motor_Flag
    main.o(i.main) refers to nvic.o(.bss) for timer1_flag
    main.o(i.main) refers to function.o(.data) for Motor_Time
    beep.o(i.Beep_Init) refers to stm32f10x_rcc.o(i.RCC_APB2PeriphClockCmd) for RCC_APB2PeriphClockCmd
    beep.o(i.Beep_Init) refers to stm32f10x_gpio.o(i.GPIO_Init) for GPIO_Init
    beep.o(i.Beep_Init) refers to stm32f10x_gpio.o(i.GPIO_ResetBits) for GPIO_ResetBits
    beep.o(i.Sound_buzzer_di_di) refers to stm32f10x_gpio.o(i.GPIO_SetBits) for GPIO_SetBits
    beep.o(i.Sound_buzzer_di_di) refers to systick.o(i.Delay_us_use_SysTick) for Delay_us_use_SysTick
    beep.o(i.Sound_buzzer_di_di) refers to stm32f10x_gpio.o(i.GPIO_ResetBits) for GPIO_ResetBits
    beep.o(i.Sound_buzzer_di_di) refers to systick.o(i.Delay_ms_use_SysTick) for Delay_ms_use_SysTick
    beep.o(i.Sound_buzzer_du_di) refers to stm32f10x_gpio.o(i.GPIO_SetBits) for GPIO_SetBits
    beep.o(i.Sound_buzzer_du_di) refers to systick.o(i.Delay_us_use_SysTick) for Delay_us_use_SysTick
    beep.o(i.Sound_buzzer_du_di) refers to stm32f10x_gpio.o(i.GPIO_ResetBits) for GPIO_ResetBits
    beep.o(i.Sound_buzzer_du_di) refers to systick.o(i.Delay_ms_use_SysTick) for Delay_ms_use_SysTick
[...]
    Removing stm32f10x_tim.o(i.TIM_ITRxExternalClockConfig), (24 bytes).
    Removing stm32f10x_tim.o(i.TIM_InternalClockConfig), (12 bytes).
    Removing stm32f10x_tim.o(i.TIM_OC1FastConfig), (18 bytes).
    Removing stm32f10x_tim.o(i.TIM_OC1Init), (152 bytes).
    Removing stm32f10x_tim.o(i.TIM_OC1NPolarityConfig), (18 bytes).
    Removing stm32f10x_tim.o(i.TIM_OC1PolarityConfig), (18 bytes).
    Removing stm32f10x_tim.o(i.TIM_OC1PreloadConfig), (18 bytes).
    Removing stm32f10x_tim.o(i.TIM_OC2FastConfig), (26 bytes).
    Removing stm32f10x_tim.o(i.TIM_OC2Init), (164 bytes).
    Removing stm32f10x_tim.o(i.TIM_OC2NPolarityConfig), (26 bytes).
    Removing stm32f10x_tim.o(i.TIM_OC2PolarityConfig), (26 bytes).
    Removing stm32f10x_tim.o(i.TIM_OC2PreloadConfig), (26 bytes).
    Removing stm32f10x_tim.o(i.TIM_OC3FastConfig), (18 bytes).
    Removing stm32f10x_tim.o(i.TIM_OC3NPolarityConfig), (26 bytes).
    Removing stm32f10x_tim.o(i.TIM_OC3PolarityConfig), (26 bytes).
    Removing stm32f10x_tim.o(i.TIM_OC4FastConfig), (26 bytes).
    Removing stm32f10x_tim.o(i.TIM_OC4PolarityConfig), (26 bytes).
    Removing stm32f10x_tim.o(i.TIM_OCStructInit), (20 bytes).
    Removing stm32f10x_tim.o(i.TIM_PWMIConfig), (124 bytes).
    Removing stm32f10x_tim.o(i.TIM_PrescalerConfig), (6 bytes).
    Removing stm32f10x_tim.o(i.TIM_SelectCCDMA), (24 bytes).
    Removing stm32f10x_tim.o(i.TIM_SelectCOM), (24 bytes).
    Removing stm32f10x_tim.o(i.TIM_SelectHallSensor), (24 bytes).
    Removing stm32f10x_tim.o(i.TIM_SelectInputTrigger), (18 bytes).
    Removing stm32f10x_tim.o(i.TIM_SelectMasterSlaveMode), (18 bytes).
    Removing stm32f10x_tim.o(i.TIM_SelectOCxM), (82 bytes).
    Removing stm32f10x_tim.o(i.TIM_SelectOutputTrigger), (18 bytes).
    Removing stm32f10x_tim.o(i.TIM_SelectSlaveMode), (18 bytes).
    Removing stm32f10x_tim.o(i.TIM_SetAutoreload), (4 bytes).
    Removing stm32f10x_tim.o(i.TIM_SetClockDivision), (18 bytes).
    Removing stm32f10x_tim.o(i.TIM_SetCompare1), (4 bytes).
    Removing stm32f10x_tim.o(i.TIM_SetCompare2), (4 bytes).
    Removing stm32f10x_tim.o(i.TIM_SetCompare3), (4 bytes).
    Removing stm32f10x_tim.o(i.TIM_SetCompare4), (6 bytes).
    Removing stm32f10x_tim.o(i.TIM_SetCounter), (4 bytes).
    Removing stm32f10x_tim.o(i.TIM_TIxExternalClockConfig), (62 bytes).
    Removing stm32f10x_tim.o(i.TIM_UpdateDisableConfig), (24 bytes).
    Removing stm32f10x_tim.o(i.TIM_UpdateRequestConfig), (24 bytes).
    Removing stm32f10x_usart.o(i.USART_ClearFlag), (18 bytes).
    Removing stm32f10x_usart.o(i.USART_ClockInit), (34 bytes).
    Removing stm32f10x_usart.o(i.USART_ClockStructInit), (12 bytes).
    Removing stm32f10x_usart.o(i.USART_DMACmd), (18 bytes).
    Removing stm32f10x_usart.o(i.USART_DeInit), (156 bytes).
    Removing stm32f10x_usart.o(i.USART_HalfDuplexCmd), (24 bytes).
    Removing stm32f10x_usart.o(i.USART_IrDACmd), (24 bytes).
    Removing stm32f10x_usart.o(i.USART_IrDAConfig), (18 bytes).
    Removing stm32f10x_usart.o(i.USART_LINBreakDetectLengthConfig), (18 bytes).
    Removing stm32f10x_usart.o(i.USART_LINCmd), (24 bytes).
    Removing stm32f10x_usart.o(i.USART_OneBitMethodCmd), (24 bytes).
    Removing stm32f10x_usart.o(i.USART_OverSampling8Cmd), (22 bytes).
    Removing stm32f10x_usart.o(i.USART_ReceiverWakeUpCmd), (24 bytes).
    Removing stm32f10x_usart.o(i.USART_SendBreak), (10 bytes).
    Removing stm32f10x_usart.o(i.USART_SetAddress), (18 bytes).
    Removing stm32f10x_usart.o(i.USART_SetGuardTime), (16 bytes).
    Removing stm32f10x_usart.o(i.USART_SetPrescaler), (16 bytes).
    Removing stm32f10x_usart.o(i.USART_SmartCardCmd), (24 bytes).
    Removing stm32f10x_usart.o(i.USART_SmartCardNACKCmd), (24 bytes).
    Removing stm32f10x_usart.o(i.USART_StructInit), (24 bytes).
    Removing stm32f10x_usart.o(i.USART_WakeUpConfig), (18 bytes).
    Removing stm32f10x_wwdg.o(i.WWDG_ClearFlag), (12 bytes).
    Removing stm32f10x_wwdg.o(i.WWDG_DeInit), (22 bytes).
    Removing stm32f10x_wwdg.o(i.WWDG_Enable), (16 bytes).
    Removing stm32f10x_wwdg.o(i.WWDG_EnableIT), (12 bytes).
    Removing stm32f10x_wwdg.o(i.WWDG_GetFlagStatus), (12 bytes).
    Removing stm32f10x_wwdg.o(i.WWDG_SetCounter), (16 bytes).
    Removing stm32f10x_wwdg.o(i.WWDG_SetPrescaler), (24 bytes).
    Removing stm32f10x_wwdg.o(i.WWDG_SetWindowValue), (40 bytes).

436 unused section(s) (total 28778 bytes) removed from the image.

==============================================================================

Image Symbol Table

    Local Symbols

    Symbol Name                              Value     Ov Type        Size  Object(Section)

    ../clib/angel/boardlib.s                 0x00000000   Number         0  boardinit2.o ABSOLUTE
    ../clib/angel/boardlib.s                 0x00000000   Number         0  boardinit1.o ABSOLUTE
    ../clib/angel/boardlib.s                 0x00000000   Number         0  boardshut.o ABSOLUTE
    ../clib/angel/boardlib.s                 0x00000000   Number         0  boardinit3.o ABSOLUTE
    ../clib/angel/dczerorl2.s                0x00000000   Number         0  __dczerorl2.o ABSOLUTE
    ../clib/angel/handlers.s                 0x00000000   Number         0  __scatter_zi.o ABSOLUTE
    ../clib/angel/kernel.s                   0x00000000   Number         0  rtexit2.o ABSOLUTE
    ../clib/angel/kernel.s                   0x00000000   Number         0  __rtentry2.o ABSOLUTE
    ../clib/angel/kernel.s                   0x00000000   Number         0  __rtentry.o ABSOLUTE
    ../clib/angel/kernel.s                   0x00000000   Number         0  rtexit.o ABSOLUTE
    ../clib/angel/kernel.s                   0x00000000   Number         0  __rtentry4.o ABSOLUTE
    ../clib/angel/rt.s                       0x00000000   Number         0  rt_raise.o ABSOLUTE
    ../clib/angel/scatter.s                  0x00000000   Number         0  __scatter.o ABSOLUTE
    ../clib/angel/startup.s                  0x00000000   Number         0  __main.o ABSOLUTE
    ../clib/angel/sys.s                      0x00000000   Number         0  use_no_semi_2.o ABSOLUTE
    ../clib/angel/sys.s                      0x00000000   Number         0  indicate_semi.o ABSOLUTE
    ../clib/angel/sys.s                      0x00000000   Number         0  use_no_semi.o ABSOLUTE
    ../clib/angel/sys.s                      0x00000000   Number         0  libspace.o ABSOLUTE
    ../clib/angel/sys.s                      0x00000000   Number         0  sys_stackheap_outer.o ABSOLUTE
    ../clib/angel/sysapp.c                   0x00000000   Number         0  sys_wrch.o ABSOLUTE
    ../clib/angel/sysapp.c                   0x00000000   Number         0  sys_command.o ABSOLUTE
    ../clib/armsys.c                         0x00000000   Number         0  argv_veneer.o ABSOLUTE
    ../clib/armsys.c                         0x00000000   Number         0  _get_argv_nomalloc.o ABSOLUTE
    ../clib/armsys.c                         0x00000000   Number         0  no_argv.o ABSOLUTE
    ../clib/armsys.c                         0x00000000   Number         0  argv_veneer.o ABSOLUTE
    ../clib/heapalloc.c                      0x00000000   Number         0  hrguard.o ABSOLUTE
    ../clib/heapaux.c                        0x00000000   Number         0  heapauxi.o ABSOLUTE
    ../clib/libinit.s                        0x00000000   Number         0  libinit.o ABSOLUTE
    ../clib/libinit.s                        0x00000000   Number         0  libshutdown2.o ABSOLUTE
    ../clib/libinit.s                        0x00000000   Number         0  libinit2.o ABSOLUTE
    ../clib/libinit.s                        0x00000000   Number         0  libshutdown.o ABSOLUTE
    ../clib/memcpset.s                       0x00000000   Number         0  strcmpv7m.o ABSOLUTE
    ../clib/memcpset.s                       0x00000000   Number         0  rt_memclr_w.o ABSOLUTE
    ../clib/printf.c                         0x00000000   Number         0  _printf_char_file.o ABSOLUTE
    ../clib/printf.c                         0x00000000   Number         0  __printf_nopercent.o ABSOLUTE
    ../clib/printf.c                         0x00000000   Number         0  __2printf.o ABSOLUTE
    ../clib/printf.c                         0x00000000   Number         0  noretval__2printf.o ABSOLUTE
    ../clib/printf.c                         0x00000000   Number         0  __printf.o ABSOLUTE
    ../clib/printf.c                         0x00000000   Number         0  _printf_dec.o ABSOLUTE
    ../clib/printf.c                         0x00000000   Number         0  _printf_char_common.o ABSOLUTE
    ../clib/printf.c                         0x00000000   Number         0  __printf_flags.o ABSOLUTE
    ../clib/printf.c                         0x00000000   Number         0  __printf_ss.o ABSOLUTE
    ../clib/printf.c                         0x00000000   Number         0  __printf_flags_ss.o ABSOLUTE
    ../clib/printf.c                         0x00000000   Number         0  __printf_wp.o ABSOLUTE
    ../clib/printf.c                         0x00000000   Number         0  __printf_flags_wp.o ABSOLUTE
    ../clib/printf.c                         0x00000000   Number         0  __printf_ss_wp.o ABSOLUTE
    ../clib/printf.c                         0x00000000   Number         0  __printf_flags_ss_wp.o ABSOLUTE
    ../clib/printf.c                         0x00000000   Number         0  _printf_intcommon.o ABSOLUTE
    ../clib/printf_percent.s                 0x00000000   Number         0  _printf_percent.o ABSOLUTE
    ../clib/printf_percent.s                 0x00000000   Number         0  _printf_percent_end.o ABSOLUTE
    ../clib/printf_percent.s                 0x00000000   Number         0  _printf_d.o ABSOLUTE
    ../clib/signal.c                         0x00000000   Number         0  defsig_general.o ABSOLUTE
    ../clib/signal.c                         0x00000000   Number         0  __raise.o ABSOLUTE
    ../clib/signal.c                         0x00000000   Number         0  defsig_rtmem_inner.o ABSOLUTE
    ../clib/signal.c                         0x00000000   Number         0  defsig_abrt_inner.o ABSOLUTE
    ../clib/signal.c                         0x00000000   Number         0  defsig_exit.o ABSOLUTE
    ../clib/signal.c                         0x00000000   Number         0  defsig_segv_inner.o ABSOLUTE
    ../clib/signal.c                         0x00000000   Number         0  defsig_rtmem_formal.o ABSOLUTE
    ../clib/signal.c                         0x00000000   Number         0  defsig_other.o ABSOLUTE
    ../clib/signal.c                         0x00000000   Number         0  defsig_rtmem_outer.o ABSOLUTE
    ../clib/signal.c                         0x00000000   Number         0  defsig_fpe_inner.o ABSOLUTE
    ../clib/signal.c                         0x00000000   Number         0  defsig_rtred_inner.o ABSOLUTE
    ../clib/signal.c                         0x00000000   Number         0  defsig_stak_inner.o ABSOLUTE
    ../clib/signal.c                         0x00000000   Number         0  defsig_cppl_inner.o ABSOLUTE
    ../clib/signal.c                         0x00000000   Number         0  defsig_pvfn_inner.o ABSOLUTE
    ../clib/signal.s                         0x00000000   Number         0  defsig.o ABSOLUTE
    ../clib/stdio.c                          0x00000000   Number         0  ferror_locked.o ABSOLUTE
    ../clib/stdio.c                          0x00000000   Number         0  ferror.o ABSOLUTE
    ../clib/stdlib.c                         0x00000000   Number         0  exit.o ABSOLUTE
    ../fplib/fpinit.s                        0x00000000   Number         0  fpinit.o ABSOLUTE
    STM32F10x_StdPeriph_Lib_V3.5.0\Libraries\CMSIS\startup_stm32f10x_hd.s 0x00000000   Number         0  startup_stm32f10x_hd.o ABSOLUTE
    STM32F10x_StdPeriph_Lib_V3.5.0\Libraries\CMSIS\stm32f10x_it.c 0x00000000   Number         0  stm32f10x_it.o ABSOLUTE
    STM32F10x_StdPeriph_Lib_V3.5.0\Libraries\CMSIS\system_stm32f10x.c 0x00000000   Number         0  system_stm32f10x.o ABSOLUTE
    STM32F10x_StdPeriph_Lib_V3.5.0\Libraries\STM32F10x_StdPeriph_Driver\src\misc.c 0x00000000   Number         0  misc.o ABSOLUTE
    STM32F10x_StdPeriph_Lib_V3.5.0\Libraries\STM32F10x_StdPeriph_Driver\src\stm32f10x_adc.c 0x00000000   Number         0  stm32f10x_adc.o ABSOLUTE
    STM32F10x_StdPeriph_Lib_V3.5.0\Libraries\STM32F10x_StdPeriph_Driver\src\stm32f10x_bkp.c 0x00000000   Number         0  stm32f10x_bkp.o ABSOLUTE
    STM32F10x_StdPeriph_Lib_V3.5.0\Libraries\STM32F10x_StdPeriph_Driver\src\stm32f10x_can.c 0x00000000   Number         0  stm32f10x_can.o ABSOLUTE
    STM32F10x_StdPeriph_Lib_V3.5.0\Libraries\STM32F10x_StdPeriph_Driver\src\stm32f10x_cec.c 0x00000000   Number         0  stm32f10x_cec.o ABSOLUTE
    STM32F10x_StdPeriph_Lib_V3.5.0\Libraries\STM32F10x_StdPeriph_Driver\src\stm32f10x_crc.c 0x00000000   Number         0  stm32f10x_crc.o ABSOLUTE
    STM32F10x_StdPeriph_Lib_V3.5.0\Libraries\STM32F10x_StdPeriph_Driver\src\stm32f10x_dac.c 0x00000000   Number         0  stm32f10x_dac.o ABSOLUTE
    STM32F10x_StdPeriph_Lib_V3.5.0\Libraries\STM32F10x_StdPeriph_Driver\src\stm32f10x_dbgmcu.c 0x00000000   Number         0  stm32f10x_dbgmcu.o ABSOLUTE
    STM32F10x_StdPeriph_Lib_V3.5.0\Libraries\STM32F10x_StdPeriph_Driver\src\stm32f10x_dma.c 0x00000000   Number         0  stm32f10x_dma.o ABSOLUTE
    STM32F10x_StdPeriph_Lib_V3.5.0\Libraries\STM32F10x_StdPeriph_Driver\src\stm32f10x_exti.c 0x00000000   Number         0  stm32f10x_exti.o ABSOLUTE
    STM32F10x_StdPeriph_Lib_V3.5.0\Libraries\STM32F10x_StdPeriph_Driver\src\stm32f10x_flash.c 0x00000000   Number         0  stm32f10x_flash.o ABSOLUTE
    STM32F10x_StdPeriph_Lib_V3.5.0\Libraries\STM32F10x_StdPeriph_Driver\src\stm32f10x_gpio.c 0x00000000   Number         0  stm32f10x_gpio.o ABSOLUTE
    STM32F10x_StdPeriph_Lib_V3.5.0\Libraries\STM32F10x_StdPeriph_Driver\src\stm32f10x_i2c.c 0x00000000   Number         0  stm32f10x_i2c.o ABSOLUTE
    STM32F10x_StdPeriph_Lib_V3.5.0\Libraries\STM32F10x_StdPeriph_Driver\src\stm32f10x_iwdg.c 0x00000000   Number         0  stm32f10x_iwdg.o ABSOLUTE
    STM32F10x_StdPeriph_Lib_V3.5.0\Libraries\STM32F10x_StdPeriph_Driver\src\stm32f10x_pwr.c 0x00000000   Number         0  stm32f10x_pwr.o ABSOLUTE
    STM32F10x_StdPeriph_Lib_V3.5.0\Libraries\STM32F10x_StdPeriph_Driver\src\stm32f10x_rcc.c 0x00000000   Number         0  stm32f10x_rcc.o ABSOLUTE
    STM32F10x_StdPeriph_Lib_V3.5.0\Libraries\STM32F10x_StdPeriph_Driver\src\stm32f10x_rtc.c 0x00000000   Number         0  stm32f10x_rtc.o ABSOLUTE
    STM32F10x_StdPeriph_Lib_V3.5.0\Libraries\STM32F10x_StdPeriph_Driver\src\stm32f10x_sdio.c 0x00000000   Number         0  stm32f10x_sdio.o ABSOLUTE
    STM32F10x_StdPeriph_Lib_V3.5.0\Libraries\STM32F10x_StdPeriph_Driver\src\stm32f10x_spi.c 0x00000000   Number         0  stm32f10x_spi.o ABSOLUTE
    STM32F10x_StdPeriph_Lib_V3.5.0\Libraries\STM32F10x_StdPeriph_Driver\src\stm32f10x_tim.c 0x00000000   Number         0  stm32f10x_tim.o ABSOLUTE
    STM32F10x_StdPeriph_Lib_V3.5.0\Libraries\STM32F10x_StdPeriph_Driver\src\stm32f10x_usart.c 0x00000000   Number         0  stm32f10x_usart.o ABSOLUTE
    STM32F10x_StdPeriph_Lib_V3.5.0\Libraries\STM32F10x_StdPeriph_Driver\src\stm32f10x_wwdg.c 0x00000000   Number         0  stm32f10x_wwdg.o ABSOLUTE
    User\src\adc.c                           0x00000000   Number         0  adc.o ABSOLUTE
    User\src\beep.c                          0x00000000   Number         0  beep.o ABSOLUTE
    User\src\dgus.c                          0x00000000   Number         0  dgus.o ABSOLUTE
    User\src\function.c                      0x00000000   Number         0  function.o ABSOLUTE
    User\src\gpio.c                          0x00000000   Number         0  gpio.o ABSOLUTE
    User\src\main.c                          0x00000000   Number         0  main.o ABSOLUTE
    User\src\motor.c                         0x00000000   Number         0  motor.o ABSOLUTE
    User\src\nvic.c                          0x00000000   Number         0  nvic.o ABSOLUTE
    User\src\pvd.c                           0x00000000   Number         0  pvd.o ABSOLUTE
    User\src\systick.c                       0x00000000   Number         0  systick.o ABSOLUTE
    User\src\timer.c                         0x00000000   Number         0  timer.o ABSOLUTE
    User\src\usart.c                         0x00000000   Number         0  usart.o ABSOLUTE
    dc.s                                     0x00000000   Number         0  dc.o ABSOLUTE
    RESET                                    0x08000000   Section      304  startup_stm32f10x_hd.o(RESET)
    !!!main                                  0x08000130   Section        8  __main.o(!!!main)
    !!!scatter                               0x08000138   Section       52  __scatter.o(!!!scatter)
    !!dczerorl2                              0x0800016c   Section       90  __dczerorl2.o(!!dczerorl2)
    !!handler_zi                             0x080001c8   Section       28  __scatter_zi.o(!!handler_zi)
    .ARM.Collect$$_printf_percent$$00000000  0x080001e4   Section        0  _printf_percent.o(.ARM.Collect$$_printf_percent$$00000000)
    .ARM.Collect$$_printf_percent$$00000009  0x080001e4   Section        6  _printf_d.o(.ARM.Collect$$_printf_percent$$00000009)
    .ARM.Collect$$_printf_percent$$00000017  0x080001ea   Section        4  _printf_percent_end.o(.ARM.Collect$$_printf_percent$$00000017)
    .ARM.Collect$$libinit$$00000000          0x080001ee   Section        2  libinit.o(.ARM.Collect$$libinit$$00000000)
    .ARM.Collect$$libinit$$00000002          0x080001f0   Section        0  libinit2.o(.ARM.Collect$$libinit$$00000002)
    .ARM.Collect$$libinit$$00000004          0x080001f0   Section        0  libinit2.o(.ARM.Collect$$libinit$$00000004)
    .ARM.Collect$$libinit$$0000000A          0x080001f0   Section        0  libinit2.o(.ARM.Collect$$libinit$$0000000A)
    .ARM.Collect$$libinit$$0000000C          0x080001f0   Section        0  libinit2.o(.ARM.Collect$$libinit$$0000000C)
    .ARM.Collect$$libinit$$0000000E          0x080001f0   Section        0  libinit2.o(.ARM.Collect$$libinit$$0000000E)
    .ARM.Collect$$libinit$$00000011          0x080001f0   Section        0  libinit2.o(.ARM.Collect$$libinit$$00000011)
    .ARM.Collect$$libinit$$00000013          0x080001f0   Section        0  libinit2.o(.ARM.Collect$$libinit$$00000013)
    .ARM.Collect$$libinit$$00000015          0x080001f0   Section        0  libinit2.o(.ARM.Collect$$libinit$$00000015)
    .ARM.Collect$$libinit$$00000017          0x080001f0   Section        0  libinit2.o(.ARM.Collect$$libinit$$00000017)
    .ARM.Collect$$libinit$$00000019          0x080001f0   Section        0  libinit2.o(.ARM.Collect$$libinit$$00000019)
    .ARM.Collect$$libinit$$0000001B          0x080001f0   Section        0  libinit2.o(.ARM.Collect$$libinit$$0000001B)
    .ARM.Collect$$libinit$$0000001D          0x080001f0   Section        0  libinit2.o(.ARM.Collect$$libinit$$0000001D)
    .ARM.Collect$$libinit$$0000001F          0x080001f0   Section        0  libinit2.o(.ARM.Collect$$libinit$$0000001F)
    .ARM.Collect$$libinit$$00000021          0x080001f0   Section        0  libinit2.o(.ARM.Collect$$libinit$$00000021)
    .ARM.Collect$$libinit$$00000023          0x080001f0   Section        0  libinit2.o(.ARM.Collect$$libinit$$00000023)
    .ARM.Collect$$libinit$$00000025          0x080001f0   Section        0  libinit2.o(.ARM.Collect$$libinit$$00000025)
    .ARM.Collect$$libinit$$0000002C          0x080001f0   Section        0  libinit2.o(.ARM.Collect$$libinit$$0000002C)
    .ARM.Collect$$libinit$$0000002E          0x080001f0   Section        0  libinit2.o(.ARM.Collect$$libinit$$0000002E)
    .ARM.Collect$$libinit$$00000030          0x080001f0   Section        0  libinit2.o(.ARM.Collect$$libinit$$00000030)
    .ARM.Collect$$libinit$$00000032          0x080001f0   Section        0  libinit2.o(.ARM.Collect$$libinit$$00000032)
    .ARM.Collect$$libinit$$00000033          0x080001f0   Section        2  libinit2.o(.ARM.Collect$$libinit$$00000033)
    .ARM.Collect$$libshutdown$$00000000      0x080001f2   Section        2  libshutdown.o(.ARM.Collect$$libshutdown$$00000000)
    .ARM.Collect$$libshutdown$$00000003      0x080001f4   Section        0  libshutdown2.o(.ARM.Collect$$libshutdown$$00000003)
    .ARM.Collect$$libshutdown$$00000006      0x080001f4   Section        0  libshutdown2.o(.ARM.Collect$$libshutdown$$00000006)
    .ARM.Collect$$libshutdown$$00000009      0x080001f4   Section        0  libshutdown2.o(.ARM.Collect$$libshutdown$$00000009)
    .ARM.Collect$$libshutdown$$0000000B      0x080001f4   Section        0  libshutdown2.o(.ARM.Collect$$libshutdown$$0000000B)
    .ARM.Collect$$libshutdown$$0000000E      0x080001f4   Section        0  libshutdown2.o(.ARM.Collect$$libshutdown$$0000000E)
    .ARM.Collect$$libshutdown$$0000000F      0x080001f4   Section        2  libshutdown2.o(.ARM.Collect$$libshutdown$$0000000F)
    .ARM.Collect$$rtentry$$00000000          0x080001f6   Section        0  __rtentry.o(.ARM.Collect$$rtentry$$00000000)
    .ARM.Collect$$rtentry$$00000002          0x080001f6   Section        0  __rtentry2.o(.ARM.Collect$$rtentry$$00000002)
    .ARM.Collect$$rtentry$$00000004          0x080001f6   Section        6  __rtentry4.o(.ARM.Collect$$rtentry$$00000004)
    .ARM.Collect$$rtentry$$00000009          0x080001fc   Section        0  __rtentry2.o(.ARM.Collect$$rtentry$$00000009)
    .ARM.Collect$$rtentry$$0000000A          0x080001fc   Section        4  __rtentry2.o(.ARM.Collect$$rtentry$$0000000A)
    .ARM.Collect$$rtentry$$0000000C          0x08000200   Section        0  __rtentry2.o(.ARM.Collect$$rtentry$$0000000C)
    .ARM.Collect$$rtentry$$0000000D          0x08000200   Section        8  __rtentry2.o(.ARM.Collect$$rtentry$$0000000D)
    .ARM.Collect$$rtexit$$00000000           0x08000208   Section        2  rtexit.o(.ARM.Collect$$rtexit$$00000000)
    .ARM.Collect$$rtexit$$00000002           0x0800020a   Section        0  rtexit2.o(.ARM.Collect$$rtexit$$00000002)
    .ARM.Collect$$rtexit$$00000003           0x0800020a   Section        4  rtexit2.o(.ARM.Collect$$rtexit$$00000003)
    .ARM.Collect$$rtexit$$00000004           0x0800020e   Section        6  rtexit2.o(.ARM.Collect$$rtexit$$00000004)
    .text                                    0x08000214   Section       64  startup_stm32f10x_hd.o(.text)
    .text                                    0x08000254   Section        2  use_no_semi_2.o(.text)
    .text                                    0x08000258   Section        0  noretval__2printf.o(.text)
    .text                                    0x08000270   Section        0  __printf.o(.text)
    .text                                    0x080002d8   Section        0  _printf_dec.o(.text)
    .text                                    0x08000350   Section       78  rt_memclr_w.o(.text)
    .text                                    0x080003a0   Section      128  strcmpv7m.o(.text)
    .text                                    0x08000420   Section        0  heapauxi.o(.text)
    .text                                    0x08000426   Section        2  use_no_semi.o(.text)
    .text                                    0x08000428   Section        0  _printf_intcommon.o(.text)
    .text                                    0x080004dc   Section        0  _printf_char_file.o(.text)
    .text                                    0x08000500   Section        0  _printf_char_common.o(.text)
    _printf_input_char                       0x08000501   Thumb Code    10  _printf_char_common.o(.text)
    .text                                    0x08000530   Section        0  ferror.o(.text)
    .text                                    0x08000538   Section       74  sys_stackheap_outer.o(.text)
    .text                                    0x08000582   Section        0  exit.o(.text)
    .text                                    0x08000590   Section        8  libspace.o(.text)
    i.ADC_Cmd                                0x08000598   Section        0  stm32f10x_adc.o(i.ADC_Cmd)
    i.ADC_DMA_Init                           0x080005b0   Section        0  adc.o(i.ADC_DMA_Init)
    i.ADC_DeInit                             0x08000638   Section        0  stm32f10x_adc.o(i.ADC_DeInit)
    i.ADC_GetCalibrationStatus               0x08000694   Section        0  stm32f10x_adc.o(i.ADC_GetCalibrationStatus)
    i.ADC_GetResetCalibrationStatus          0x080006a8   Section        0  stm32f10x_adc.o(i.ADC_GetResetCalibrationStatus)
    i.ADC_Init                               0x080006bc   Section        0  stm32f10x_adc.o(i.ADC_Init)
    i.ADC_ResetCalibration                   0x0800070c   Section        0  stm32f10x_adc.o(i.ADC_ResetCalibration)
    i.ADC_StartCalibration                   0x08000716   Section        0  stm32f10x_adc.o(i.ADC_StartCalibration)
    i.Adc1_Ch9_Init                          0x08000720   Section        0  adc.o(i.Adc1_Ch9_Init)
    i.Beep_Init                              0x080007c0   Section        0  beep.o(i.Beep_Init)
    i.BusFault_Handler                       0x080007f8   Section        0  stm32f10x_it.o(i.BusFault_Handler)
    i.DMA1_Channel1_IRQHandler               0x080007fc   Section        0  nvic.o(i.DMA1_Channel1_IRQHandler)
    i.DMA_ClearITPendingBit                  0x0800081c   Section        0  stm32f10x_dma.o(i.DMA_ClearITPendingBit)
    i.DMA_Cmd                                0x08000838   Section        0  stm32f10x_dma.o(i.DMA_Cmd)
    i.DMA_ITConfig                           0x08000850   Section        0  stm32f10x_dma.o(i.DMA_ITConfig)
    i.DMA_Init                               0x08000862   Section        0  stm32f10x_dma.o(i.DMA_Init)
    i.DebugMon_Handler                       0x0800089e   Section        0  stm32f10x_it.o(i.DebugMon_Handler)
    i.Delay_ms                               0x080008a0   Section        0  timer.o(i.Delay_ms)
    i.Delay_ms_use_SysTick                   0x08000910   Section        0  systick.o(i.Delay_ms_use_SysTick)
    i.Delay_us_use_SysTick                   0x08000980   Section        0  systick.o(i.Delay_us_use_SysTick)
    i.Foot_Init                              0x080009e4   Section        0  motor.o(i.Foot_Init)
    i.Fuya_Init                              0x08000a14   Section        0  motor.o(i.Fuya_Init)
    i.GPIO_Init                              0x08000a50   Section        0  stm32f10x_gpio.o(i.GPIO_Init)
    i.GPIO_ResetBits                         0x08000b66   Section        0  stm32f10x_gpio.o(i.GPIO_ResetBits)
    i.GPIO_SetBits                           0x08000b6a   Section        0  stm32f10x_gpio.o(i.GPIO_SetBits)
    i.GPIO_StructInit                        0x08000b6e   Section        0  stm32f10x_gpio.o(i.GPIO_StructInit)
    i.HardFault_Handler                      0x08000b7e   Section        0  stm32f10x_it.o(i.HardFault_Handler)
    i.MemManage_Handler                      0x08000b82   Section        0  stm32f10x_it.o(i.MemManage_Handler)
    i.NMI_Handler                            0x08000b86   Section        0  stm32f10x_it.o(i.NMI_Handler)
    i.NVIC_Init                              0x08000b88   Section        0  misc.o(i.NVIC_Init)
    i.NVIC_PriorityGroupConfig               0x08000bf8   Section        0  misc.o(i.NVIC_PriorityGroupConfig)
    i.PWR_PVDCmd                             0x08000c0c   Section        0  stm32f10x_pwr.o(i.PWR_PVDCmd)
    i.PWR_PVDLevelConfig                     0x08000c18   Section        0  stm32f10x_pwr.o(i.PWR_PVDLevelConfig)
    i.PendSV_Handler                         0x08000c30   Section        0  stm32f10x_it.o(i.PendSV_Handler)
    i.Pvd_Init                               0x08000c32   Section        0  pvd.o(i.Pvd_Init)
    i.RCC_ADCCLKConfig                       0x08000c4c   Section        0  stm32f10x_rcc.o(i.RCC_ADCCLKConfig)
    i.RCC_AHBPeriphClockCmd                  0x08000c64   Section        0  stm32f10x_rcc.o(i.RCC_AHBPeriphClockCmd)
    i.RCC_APB1PeriphClockCmd                 0x08000c84   Section        0  stm32f10x_rcc.o(i.RCC_APB1PeriphClockCmd)
    i.RCC_APB1PeriphResetCmd                 0x08000ca4   Section        0  stm32f10x_rcc.o(i.RCC_APB1PeriphResetCmd)
    i.RCC_APB2PeriphClockCmd                 0x08000cc4   Section        0  stm32f10x_rcc.o(i.RCC_APB2PeriphClockCmd)
    i.RCC_APB2PeriphResetCmd                 0x08000ce4   Section        0  stm32f10x_rcc.o(i.RCC_APB2PeriphResetCmd)
    i.RCC_GetClocksFreq                      0x08000d04   Section        0  stm32f10x_rcc.o(i.RCC_GetClocksFreq)
    i.SVC_Handler                            0x08000de0   Section        0  stm32f10x_it.o(i.SVC_Handler)
    i.SetSysClock                            0x08000de2   Section        0  system_stm32f10x.o(i.SetSysClock)
    SetSysClock                              0x08000de3   Thumb Code     8  system_stm32f10x.o(i.SetSysClock)
    i.SetSysClockTo72                        0x08000dec   Section        0  system_stm32f10x.o(i.SetSysClockTo72)
    SetSysClockTo72                          0x08000ded   Thumb Code   214  system_stm32f10x.o(i.SetSysClockTo72)
    i.Sound_buzzer_du_di                     0x08000ecc   Section        0  beep.o(i.Sound_buzzer_du_di)
    i.SysTick_CLKSourceConfig                0x08000f34   Section        0  misc.o(i.SysTick_CLKSourceConfig)
    i.SysTick_Handler                        0x08000f5c   Section        0  stm32f10x_it.o(i.SysTick_Handler)
    i.SystemInit                             0x08000f60   Section        0  system_stm32f10x.o(i.SystemInit)
    i.TI1_Config                             0x08000fc0   Section        0  stm32f10x_tim.o(i.TI1_Config)
    TI1_Config                               0x08000fc1   Thumb Code   108  stm32f10x_tim.o(i.TI1_Config)
    i.TI2_Config                             0x08001040   Section        0  stm32f10x_tim.o(i.TI2_Config)
    TI2_Config                               0x08001041   Thumb Code   130  stm32f10x_tim.o(i.TI2_Config)
    i.TI3_Config                             0x080010d8   Section        0  stm32f10x_tim.o(i.TI3_Config)
    TI3_Config                               0x080010d9   Thumb Code   122  stm32f10x_tim.o(i.TI3_Config)
    i.TI4_Config                             0x08001168   Section        0  stm32f10x_tim.o(i.TI4_Config)
    TI4_Config                               0x08001169   Thumb Code   130  stm32f10x_tim.o(i.TI4_Config)
    i.TIM1_UP_IRQHandler                     0x08001200   Section        0  nvic.o(i.TIM1_UP_IRQHandler)
    i.TIM2_Encoder_Init                      0x08001250   Section        0  motor.o(i.TIM2_Encoder_Init)
    i.TIM2_IRQHandler                        0x0800131c   Section        0  nvic.o(i.TIM2_IRQHandler)
    i.TIM4_Motor_Pwm                         0x080013a4   Section        0  timer.o(i.TIM4_Motor_Pwm)
    i.TIM_ARRPreloadConfig                   0x08001460   Section        0  stm32f10x_tim.o(i.TIM_ARRPreloadConfig)
    i.TIM_ClearFlag                          0x08001478   Section        0  stm32f10x_tim.o(i.TIM_ClearFlag)
    i.TIM_ClearITPendingBit                  0x0800147e   Section        0  stm32f10x_tim.o(i.TIM_ClearITPendingBit)
    i.TIM_Cmd                                0x08001484   Section        0  stm32f10x_tim.o(i.TIM_Cmd)
    i.TIM_DeInit                             0x0800149c   Section        0  stm32f10x_tim.o(i.TIM_DeInit)
    i.TIM_EncoderInterfaceConfig             0x08001684   Section        0  stm32f10x_tim.o(i.TIM_EncoderInterfaceConfig)
    i.TIM_GetFlagStatus                      0x080016c6   Section        0  stm32f10x_tim.o(i.TIM_GetFlagStatus)
    i.TIM_GetITStatus                        0x080016d8   Section        0  stm32f10x_tim.o(i.TIM_GetITStatus)
    i.TIM_ICInit                             0x080016fc   Section        0  stm32f10x_tim.o(i.TIM_ICInit)
    i.TIM_ICStructInit                       0x080017a8   Section        0  stm32f10x_tim.o(i.TIM_ICStructInit)
    i.TIM_ITConfig                           0x080017ba   Section        0  stm32f10x_tim.o(i.TIM_ITConfig)
    i.TIM_OC3Init                            0x080017cc   Section        0  stm32f10x_tim.o(i.TIM_OC3Init)
    i.TIM_OC3PreloadConfig                   0x0800186c   Section        0  stm32f10x_tim.o(i.TIM_OC3PreloadConfig)
    i.TIM_OC4Init                            0x08001880   Section        0  stm32f10x_tim.o(i.TIM_OC4Init)
    i.TIM_OC4PreloadConfig                   0x080018fc   Section        0  stm32f10x_tim.o(i.TIM_OC4PreloadConfig)
    i.TIM_SelectOnePulseMode                 0x08001916   Section        0  stm32f10x_tim.o(i.TIM_SelectOnePulseMode)
    i.TIM_SetIC1Prescaler                    0x08001928   Section        0  stm32f10x_tim.o(i.TIM_SetIC1Prescaler)
    i.TIM_SetIC2Prescaler                    0x0800193a   Section        0  stm32f10x_tim.o(i.TIM_SetIC2Prescaler)
    i.TIM_SetIC3Prescaler                    0x08001954   Section        0  stm32f10x_tim.o(i.TIM_SetIC3Prescaler)
    i.TIM_SetIC4Prescaler                    0x08001966   Section        0  stm32f10x_tim.o(i.TIM_SetIC4Prescaler)
    i.TIM_TimeBaseInit                       0x08001980   Section        0  stm32f10x_tim.o(i.TIM_TimeBaseInit)
    i.TIM_TimeBaseStructInit                 0x08001a24   Section        0  stm32f10x_tim.o(i.TIM_TimeBaseStructInit)
    i.Tim1_IT_ms                             0x08001a38   Section        0  timer.o(i.Tim1_IT_ms)
    i.USART1_IRQHandler                      0x08001aac   Section        0  nvic.o(i.USART1_IRQHandler)
    i.USART2_IRQHandler                      0x08001b18   Section        0  nvic.o(i.USART2_IRQHandler)
    i.USART_ClearITPendingBit                0x08001c30   Section        0  stm32f10x_usart.o(i.USART_ClearITPendingBit)
    i.USART_Cmd                              0x08001c4e   Section        0  stm32f10x_usart.o(i.USART_Cmd)
    i.USART_GetFlagStatus                    0x08001c66   Section        0  stm32f10x_usart.o(i.USART_GetFlagStatus)
    i.USART_GetITStatus                      0x08001c80   Section        0  stm32f10x_usart.o(i.USART_GetITStatus)
    i.USART_ITConfig                         0x08001cd4   Section        0  stm32f10x_usart.o(i.USART_ITConfig)
    i.USART_Init                             0x08001d20   Section        0  stm32f10x_usart.o(i.USART_Init)
    i.USART_ReceiveData                      0x08001df8   Section        0  stm32f10x_usart.o(i.USART_ReceiveData)
    i.USART_SendData                         0x08001e02   Section        0  stm32f10x_usart.o(i.USART_SendData)
    i.UsageFault_Handler                     0x08001e0a   Section        0  stm32f10x_it.o(i.UsageFault_Handler)
    i.Usart1_Send_Byte                       0x08001e10   Section        0  usart.o(i.Usart1_Send_Byte)
    i.Usart1_Send_Str                        0x08001e30   Section        0  usart.o(i.Usart1_Send_Str)
    i.Usart2_Init                            0x08001e48   Section        0  usart.o(i.Usart2_Init)
    i.Valve_Init                             0x08001f08   Section        0  motor.o(i.Valve_Init)
    i._sys_exit                              0x08001f44   Section        0  usart.o(i._sys_exit)
    i.fputc                                  0x08001f4c   Section        0  usart.o(i.fputc)
    i.main                                   0x08001f68   Section        0  main.o(i.main)
    .data                                    0x20000000   Section       20  system_stm32f10x.o(.data)
    .data                                    0x20000014   Section        5  adc.o(.data)
    .data                                    0x2000001c   Section      320  usart.o(.data)
    .data                                    0x2000015c   Section       18  nvic.o(.data)
    i                                        0x2000016a   Data           1  nvic.o(.data)
    i                                        0x2000016b   Data           1  nvic.o(.data)
    i                                        0x2000016c   Data           2  nvic.o(.data)
    .data                                    0x20000170   Section       54  function.o(.data)
    .data                                    0x200001a6   Section       20  stm32f10x_rcc.o(.data)
    APBAHBPrescTable                         0x200001a6   Data          16  stm32f10x_rcc.o(.data)
    ADCPrescTable                            0x200001b6   Data           4  stm32f10x_rcc.o(.data)
    .bss                                     0x200001bc   Section       80  nvic.o(.bss)
    .bss                                     0x2000020c   Section       96  libspace.o(.bss)
    HEAP                                     0x20000270   Section      512  startup_stm32f10x_hd.o(HEAP)
    Heap_Mem                                 0x20000270   Data         512  startup_stm32f10x_hd.o(HEAP)
    STACK                                    0x20000470   Section     1024  startup_stm32f10x_hd.o(STACK)
    Stack_Mem                                0x20000470   Data        1024  startup_stm32f10x_hd.o(STACK)
    __initial_sp                             0x20000870   Data           0  startup_stm32f10x_hd.o(STACK)

    Global Symbols

    Symbol Name                              Value     Ov Type        Size  Object(Section)

    BuildAttributes$$THM_ISAv4$P$D$K$B$S$PE$A:L22UL41UL21$X:L11$S22US41US21$IEEE1$IW$USESV6$~STKCKD$USESV7$~SHL$OSPACE$ROPI$EBA8$UX$STANDARDLIB$REQ8$PRES8$EABIv2 0x00000000   Number         0  anon$$obj.o ABSOLUTE
    __ARM_use_no_argv                        0x00000000   Number         0  main.o ABSOLUTE
    __ARM_exceptions_init                     - Undefined Weak Reference
    __alloca_initialize                       - Undefined Weak Reference
    __arm_preinit_                            - Undefined Weak Reference
    __cpp_initialize__aeabi_                  - Undefined Weak Reference
    __cxa_finalize                            - Undefined Weak Reference
    __rt_locale                               - Undefined Weak Reference
    __sigvec_lookup                           - Undefined Weak Reference
    _atexit_init                              - Undefined Weak Reference
    _call_atexit_fns                          - Undefined Weak Reference
    _clock_init                               - Undefined Weak Reference
    _fp_trap_init                             - Undefined Weak Reference
    _fp_trap_shutdown                         - Undefined Weak Reference
    _get_lc_collate                           - Undefined Weak Reference
    _get_lc_ctype                             - Undefined Weak Reference
    _get_lc_monetary                          - Undefined Weak Reference
    _get_lc_numeric                           - Undefined Weak Reference
    _get_lc_time                              - Undefined Weak Reference
    _getenv_init                              - Undefined Weak Reference
    _handle_redirection                       - Undefined Weak Reference
    _init_alloc                               - Undefined Weak Reference
    _init_user_alloc                          - Undefined Weak Reference
    _initio                                   - Undefined Weak Reference
    _mutex_acquire                            - Undefined Weak Reference
    _mutex_release                            - Undefined Weak Reference
    _printf_post_padding                      - Undefined Weak Reference
    _printf_pre_padding                       - Undefined Weak Reference
    _printf_truncate_signed                   - Undefined Weak Reference
    _printf_truncate_unsigned                 - Undefined Weak Reference
    _rand_init                                - Undefined Weak Reference
    _signal_finish                            - Undefined Weak Reference
    _signal_init                              - Undefined Weak Reference
    _terminate_alloc                          - Undefined Weak Reference
    _terminate_user_alloc                     - Undefined Weak Reference
    _terminateio                              - Undefined Weak Reference
    __Vectors_Size                           0x00000130   Number         0  startup_stm32f10x_hd.o ABSOLUTE
    __Vectors                                0x08000000   Data           4  startup_stm32f10x_hd.o(RESET)
    __Vectors_End                            0x08000130   Data           0  startup_stm32f10x_hd.o(RESET)
    __main                                   0x08000131   Thumb Code     8  __main.o(!!!main)
    __scatterload                            0x08000139   Thumb Code     0  __scatter.o(!!!scatter)
    __scatterload_rt2                        0x08000139   Thumb Code    44  __scatter.o(!!!scatter)
    __scatterload_rt2_thumb_only             0x08000139   Thumb Code     0  __scatter.o(!!!scatter)
    __scatterload_null                       0x08000147   Thumb Code     0  __scatter.o(!!!scatter)
    __decompress                             0x0800016d   Thumb Code    90  __dczerorl2.o(!!dczerorl2)
    __decompress1                            0x0800016d   Thumb Code     0  __dczerorl2.o(!!dczerorl2)
    __scatterload_zeroinit                   0x080001c9   Thumb Code    28  __scatter_zi.o(!!handler_zi)
    _printf_d                                0x080001e5   Thumb Code     0  _printf_d.o(.ARM.Collect$$_printf_percent$$00000009)
    _printf_percent                          0x080001e5   Thumb Code     0  _printf_percent.o(.ARM.Collect$$_printf_percent$$00000000)
    _printf_percent_end                      0x080001eb   Thumb Code     0  _printf_percent_end.o(.ARM.Collect$$_printf_percent$$00000017)
    __rt_lib_init                            0x080001ef   Thumb Code     0  libinit.o(.ARM.Collect$$libinit$$00000000)
    __rt_lib_init_alloca_1                   0x080001f1   Thumb Code     0  libinit2.o(.ARM.Collect$$libinit$$0000002E)
    __rt_lib_init_argv_1                     0x080001f1   Thumb Code     0  libinit2.o(.ARM.Collect$$libinit$$0000002C)
    __rt_lib_init_atexit_1                   0x080001f1   Thumb Code     0  libinit2.o(.ARM.Collect$$libinit$$0000001B)
    __rt_lib_init_clock_1                    0x080001f1   Thumb Code     0  libinit2.o(.ARM.Collect$$libinit$$00000021)
    __rt_lib_init_cpp_1                      0x080001f1   Thumb Code     0  libinit2.o(.ARM.Collect$$libinit$$00000032)
    __rt_lib_init_exceptions_1               0x080001f1   Thumb Code     0  libinit2.o(.ARM.Collect$$libinit$$00000030)
    __rt_lib_init_fp_1                       0x080001f1   Thumb Code     0  libinit2.o(.ARM.Collect$$libinit$$00000002)
    __rt_lib_init_fp_trap_1                  0x080001f1   Thumb Code     0  libinit2.o(.ARM.Collect$$libinit$$0000001F)
    __rt_lib_init_getenv_1                   0x080001f1   Thumb Code     0  libinit2.o(.ARM.Collect$$libinit$$00000023)
    __rt_lib_init_heap_1                     0x080001f1   Thumb Code     0  libinit2.o(.ARM.Collect$$libinit$$0000000A)
    __rt_lib_init_lc_collate_1               0x080001f1   Thumb Code     0  libinit2.o(.ARM.Collect$$libinit$$00000011)
    __rt_lib_init_lc_ctype_1                 0x080001f1   Thumb Code     0  libinit2.o(.ARM.Collect$$libinit$$00000013)
    __rt_lib_init_lc_monetary_1              0x080001f1   Thumb Code     0  libinit2.o(.ARM.Collect$$libinit$$00000015)
    __rt_lib_init_lc_numeric_1               0x080001f1   Thumb Code     0  libinit2.o(.ARM.Collect$$libinit$$00000017)
    __rt_lib_init_lc_time_1                  0x080001f1   Thumb Code     0  libinit2.o(.ARM.Collect$$libinit$$00000019)
    __rt_lib_init_preinit_1                  0x080001f1   Thumb Code     0  libinit2.o(.ARM.Collect$$libinit$$00000004)
    __rt_lib_init_rand_1                     0x080001f1   Thumb Code     0  libinit2.o(.ARM.Collect$$libinit$$0000000E)
    __rt_lib_init_return                     0x080001f1   Thumb Code     0  libinit2.o(.ARM.Collect$$libinit$$00000033)
    __rt_lib_init_signal_1                   0x080001f1   Thumb Code     0  libinit2.o(.ARM.Collect$$libinit$$0000001D)
    __rt_lib_init_stdio_1                    0x080001f1   Thumb Code     0  libinit2.o(.ARM.Collect$$libinit$$00000025)
    __rt_lib_init_user_alloc_1               0x080001f1   Thumb Code     0  libinit2.o(.ARM.Collect$$libinit$$0000000C)
    __rt_lib_shutdown                        0x080001f3   Thumb Code     0  libshutdown.o(.ARM.Collect$$libshutdown$$00000000)
    __rt_lib_shutdown_fp_trap_1              0x080001f5   Thumb Code     0  libshutdown2.o(.ARM.Collect$$libshutdown$$00000006)
    __rt_lib_shutdown_heap_1                 0x080001f5   Thumb Code     0  libshutdown2.o(.ARM.Collect$$libshutdown$$0000000E)
    __rt_lib_shutdown_return                 0x080001f5   Thumb Code     0  libshutdown2.o(.ARM.Collect$$libshutdown$$0000000F)
    __rt_lib_shutdown_signal_1               0x080001f5   Thumb Code     0  libshutdown2.o(.ARM.Collect$$libshutdown$$00000009)
    __rt_lib_shutdown_stdio_1                0x080001f5   Thumb Code     0  libshutdown2.o(.ARM.Collect$$libshutdown$$00000003)
    __rt_lib_shutdown_user_alloc_1           0x080001f5   Thumb Code     0  libshutdown2.o(.ARM.Collect$$libshutdown$$0000000B)
    __rt_entry                               0x080001f7   Thumb Code     0  __rtentry.o(.ARM.Collect$$rtentry$$00000000)
    __rt_entry_presh_1                       0x080001f7   Thumb Code     0  __rtentry2.o(.ARM.Collect$$rtentry$$00000002)
    __rt_entry_sh                            0x080001f7   Thumb Code     0  __rtentry4.o(.ARM.Collect$$rtentry$$00000004)
    __rt_entry_li                            0x080001fd   Thumb Code     0  __rtentry2.o(.ARM.Collect$$rtentry$$0000000A)
    __rt_entry_postsh_1                      0x080001fd   Thumb Code     0  __rtentry2.o(.ARM.Collect$$rtentry$$00000009)
    __rt_entry_main                          0x08000201   Thumb Code     0  __rtentry2.o(.ARM.Collect$$rtentry$$0000000D)
    __rt_entry_postli_1                      0x08000201   Thumb Code     0  __rtentry2.o(.ARM.Collect$$rtentry$$0000000C)
    __rt_exit                                0x08000209   Thumb Code     0  rtexit.o(.ARM.Collect$$rtexit$$00000000)
    __rt_exit_ls                             0x0800020b   Thumb Code     0  rtexit2.o(.ARM.Collect$$rtexit$$00000003)
    __rt_exit_prels_1                        0x0800020b   Thumb Code     0  rtexit2.o(.ARM.Collect$$rtexit$$00000002)
    __rt_exit_exit                           0x0800020f   Thumb Code     0  rtexit2.o(.ARM.Collect$$rtexit$$00000004)
    Reset_Handler                            0x08000215   Thumb Code     8  startup_stm32f10x_hd.o(.text)
    ADC1_2_IRQHandler                        0x0800022f   Thumb Code     0  startup_stm32f10x_hd.o(.text)
    ADC3_IRQHandler                          0x0800022f   Thumb Code     0  startup_stm32f10x_hd.o(.text)
    CAN1_RX1_IRQHandler                      0x0800022f   Thumb Code     0  startup_stm32f10x_hd.o(.text)
    CAN1_SCE_IRQHandler                      0x0800022f   Thumb Code     0  startup_stm32f10x_hd.o(.text)
    DMA1_Channel2_IRQHandler                 0x0800022f   Thumb Code     0  startup_stm32f10x_hd.o(.text)
    DMA1_Channel3_IRQHandler                 0x0800022f   Thumb Code     0  startup_stm32f10x_hd.o(.text)
    DMA1_Channel4_IRQHandler                 0x0800022f   Thumb Code     0  startup_stm32f10x_hd.o(.text)
    DMA1_Channel5_IRQHandler                 0x0800022f   Thumb Code     0  startup_stm32f10x_hd.o(.text)
    DMA1_Channel6_IRQHandler                 0x0800022f   Thumb Code     0  startup_stm32f10x_hd.o(.text)
    DMA1_Channel7_IRQHandler                 0x0800022f   Thumb Code     0  startup_stm32f10x_hd.o(.text)
    DMA2_Channel1_IRQHandler                 0x0800022f   Thumb Code     0  startup_stm32f10x_hd.o(.text)
    DMA2_Channel2_IRQHandler                 0x0800022f   Thumb Code     0  startup_stm32f10x_hd.o(.text)
    DMA2_Channel3_IRQHandler                 0x0800022f   Thumb Code     0  startup_stm32f10x_hd.o(.text)
    DMA2_Channel4_5_IRQHandler               0x0800022f   Thumb Code     0  startup_stm32f10x_hd.o(.text)
    EXTI0_IRQHandler                         0x0800022f   Thumb Code     0  startup_stm32f10x_hd.o(.text)
    EXTI15_10_IRQHandler                     0x0800022f   Thumb Code     0  startup_stm32f10x_hd.o(.text)
    EXTI1_IRQHandler                         0x0800022f   Thumb Code     0  startup_stm32f10x_hd.o(.text)
    EXTI2_IRQHandler                         0x0800022f   Thumb Code     0  startup_stm32f10x_hd.o(.text)
    EXTI3_IRQHandler                         0x0800022f   Thumb Code     0  startup_stm32f10x_hd.o(.text)
    EXTI4_IRQHandler                         0x0800022f   Thumb Code     0  startup_stm32f10x_hd.o(.text)
    EXTI9_5_IRQHandler                       0x0800022f   Thumb Code     0  startup_stm32f10x_hd.o(.text)
    FLASH_IRQHandler                         0x0800022f   Thumb Code     0  startup_stm32f10x_hd.o(.text)
    FSMC_IRQHandler                          0x0800022f   Thumb Code     0  startup_stm32f10x_hd.o(.text)
    I2C1_ER_IRQHandler                       0x0800022f   Thumb Code     0  startup_stm32f10x_hd.o(.text)
    I2C1_EV_IRQHandler                       0x0800022f   Thumb Code     0  startup_stm32f10x_hd.o(.text)
    I2C2_ER_IRQHandler                       0x0800022f   Thumb Code     0  startup_stm32f10x_hd.o(.text)
    I2C2_EV_IRQHandler                       0x0800022f   Thumb Code     0  startup_stm32f10x_hd.o(.text)
    PVD_IRQHandler                           0x0800022f   Thumb Code     0  startup_stm32f10x_hd.o(.text)
    RCC_IRQHandler                           0x0800022f   Thumb Code     0  startup_stm32f10x_hd.o(.text)
    RTCAlarm_IRQHandler                      0x0800022f   Thumb Code     0  startup_stm32f10x_hd.o(.text)
    RTC_IRQHandler                           0x0800022f   Thumb Code     0  startup_stm32f10x_hd.o(.text)
    SDIO_IRQHandler                          0x0800022f   Thumb Code     0  startup_stm32f10x_hd.o(.text)
    SPI1_IRQHandler                          0x0800022f   Thumb Code     0  startup_stm32f10x_hd.o(.text)
    SPI2_IRQHandler                          0x0800022f   Thumb Code     0  startup_stm32f10x_hd.o(.text)
    SPI3_IRQHandler                          0x0800022f   Thumb Code     0  startup_stm32f10x_hd.o(.text)
    TAMPER_IRQHandler                        0x0800022f   Thumb Code     0  startup_stm32f10x_hd.o(.text)
    TIM1_BRK_IRQHandler                      0x0800022f   Thumb Code     0  startup_stm32f10x_hd.o(.text)
    TIM1_CC_IRQHandler                       0x0800022f   Thumb Code     0  startup_stm32f10x_hd.o(.text)
    TIM1_TRG_COM_IRQHandler                  0x0800022f   Thumb Code     0  startup_stm32f10x_hd.o(.text)
    TIM3_IRQHandler                          0x0800022f   Thumb Code     0  startup_stm32f10x_hd.o(.text)
    TIM4_IRQHandler                          0x0800022f   Thumb Code     0  startup_stm32f10x_hd.o(.text)
    TIM5_IRQHandler                          0x0800022f   Thumb Code     0  startup_stm32f10x_hd.o(.text)
    TIM6_IRQHandler                          0x0800022f   Thumb Code     0  startup_stm32f10x_hd.o(.text)
    TIM7_IRQHandler                          0x0800022f   Thumb Code     0  startup_stm32f10x_hd.o(.text)
    TIM8_BRK_IRQHandler                      0x0800022f   Thumb Code     0  startup_stm32f10x_hd.o(.text)
    TIM8_CC_IRQHandler                       0x0800022f   Thumb Code     0  startup_stm32f10x_hd.o(.text)
    TIM8_TRG_COM_IRQHandler                  0x0800022f   Thumb Code     0  startup_stm32f10x_hd.o(.text)
    TIM8_UP_IRQHandler                       0x0800022f   Thumb Code     0  startup_stm32f10x_hd.o(.text)
    UART4_IRQHandler                         0x0800022f   Thumb Code     0  startup_stm32f10x_hd.o(.text)
    UART5_IRQHandler                         0x0800022f   Thumb Code     0  startup_stm32f10x_hd.o(.text)
    USART3_IRQHandler                        0x0800022f   Thumb Code     0  startup_stm32f10x_hd.o(.text)
    USBWakeUp_IRQHandler                     0x0800022f   Thumb Code     0  startup_stm32f10x_hd.o(.text)
    USB_HP_CAN1_TX_IRQHandler                0x0800022f   Thumb Code     0  startup_stm32f10x_hd.o(.text)
    USB_LP_CAN1_RX0_IRQHandler               0x0800022f   Thumb Code     0  startup_stm32f10x_hd.o(.text)
    WWDG_IRQHandler                          0x0800022f   Thumb Code     0  startup_stm32f10x_hd.o(.text)
    __user_initial_stackheap                 0x08000231   Thumb Code     0  startup_stm32f10x_hd.o(.text)
    __use_no_semihosting                     0x08000255   Thumb Code     2  use_no_semi_2.o(.text)
    __2printf                                0x08000259   Thumb Code    20  noretval__2printf.o(.text)
    __printf                                 0x08000271   Thumb Code   104  __printf.o(.text)
    _printf_int_dec                          0x080002d9   Thumb Code   104  _printf_dec.o(.text)
    __aeabi_memclr4                          0x08000351   Thumb Code     0  rt_memclr_w.o(.text)
    __aeabi_memclr8                          0x08000351   Thumb Code     0  rt_memclr_w.o(.text)
    __rt_memclr_w                            0x08000351   Thumb Code    78  rt_memclr_w.o(.text)
    _memset_w                                0x08000355   Thumb Code     0  rt_memclr_w.o(.text)
    strcmp                                   0x080003a1   Thumb Code   128  strcmpv7m.o(.text)
    __use_two_region_memory                  0x08000421   Thumb Code     2  heapauxi.o(.text)
    __rt_heap_escrow$2region                 0x08000423   Thumb Code     2  heapauxi.o(.text)
    __rt_heap_expand$2region                 0x08000425   Thumb Code     2  heapauxi.o(.text)
    __I$use$semihosting                      0x08000427   Thumb Code     0  use_no_semi.o(.text)
    __use_no_semihosting_swi                 0x08000427   Thumb Code     2  use_no_semi.o(.text)
    _printf_int_common                       0x08000429   Thumb Code   178  _printf_intcommon.o(.text)
    _printf_char_file                        0x080004dd   Thumb Code    32  _printf_char_file.o(.text)
    _printf_char_common                      0x0800050b   Thumb Code    32  _printf_char_common.o(.text)
    ferror                                   0x08000531   Thumb Code     8  ferror.o(.text)
    __user_setup_stackheap                   0x08000539   Thumb Code    74  sys_stackheap_outer.o(.text)
    exit                                     0x08000583   Thumb Code    12  exit.o(.text)
    __user_libspace                          0x08000591   Thumb Code     8  libspace.o(.text)
    __user_perproc_libspace                  0x08000591   Thumb Code     0  libspace.o(.text)
    __user_perthread_libspace                0x08000591   Thumb Code     0  libspace.o(.text)
    ADC_Cmd                                  0x08000599   Thumb Code    22  stm32f10x_adc.o(i.ADC_Cmd)
    ADC_DMA_Init                             0x080005b1   Thumb Code   124  adc.o(i.ADC_DMA_Init)
    ADC_DeInit                               0x08000639   Thumb Code    78  stm32f10x_adc.o(i.ADC_DeInit)
    ADC_GetCalibrationStatus                 0x08000695   Thumb Code    20  stm32f10x_adc.o(i.ADC_GetCalibrationStatus)
    ADC_GetResetCalibrationStatus            0x080006a9   Thumb Code    20  stm32f10x_adc.o(i.ADC_GetResetCalibrationStatus)
    ADC_Init                                 0x080006bd   Thumb Code    70  stm32f10x_adc.o(i.ADC_Init)
    ADC_ResetCalibration                     0x0800070d   Thumb Code    10  stm32f10x_adc.o(i.ADC_ResetCalibration)
    ADC_StartCalibration                     0x08000717   Thumb Code    10  stm32f10x_adc.o(i.ADC_StartCalibration)
    Adc1_Ch9_Init                            0x08000721   Thumb Code   150  adc.o(i.Adc1_Ch9_Init)
    Beep_Init                                0x080007c1   Thumb Code    50  beep.o(i.Beep_Init)
    BusFault_Handler                         0x080007f9   Thumb Code     4  stm32f10x_it.o(i.BusFault_Handler)
    DMA1_Channel1_IRQHandler                 0x080007fd   Thumb Code    26  nvic.o(i.DMA1_Channel1_IRQHandler)
    DMA_ClearITPendingBit                    0x0800081d   Thumb Code    18  stm32f10x_dma.o(i.DMA_ClearITPendingBit)
    DMA_Cmd                                  0x08000839   Thumb Code    24  stm32f10x_dma.o(i.DMA_Cmd)
    DMA_ITConfig                             0x08000851   Thumb Code    18  stm32f10x_dma.o(i.DMA_ITConfig)
    DMA_Init                                 0x08000863   Thumb Code    60  stm32f10x_dma.o(i.DMA_Init)
    DebugMon_Handler                         0x0800089f   Thumb Code     2  stm32f10x_it.o(i.DebugMon_Handler)
    Delay_ms                                 0x080008a1   Thumb Code   108  timer.o(i.Delay_ms)
    Delay_ms_use_SysTick                     0x08000911   Thumb Code   104  systick.o(i.Delay_ms_use_SysTick)
    Delay_us_use_SysTick                     0x08000981   Thumb Code    90  systick.o(i.Delay_us_use_SysTick)
    Foot_Init                                0x080009e5   Thumb Code    44  motor.o(i.Foot_Init)
    Fuya_Init                                0x08000a15   Thumb Code    54  motor.o(i.Fuya_Init)
    GPIO_Init                                0x08000a51   Thumb Code   278  stm32f10x_gpio.o(i.GPIO_Init)
    GPIO_ResetBits                           0x08000b67   Thumb Code     4  stm32f10x_gpio.o(i.GPIO_ResetBits)
    GPIO_SetBits                             0x08000b6b   Thumb Code     4  stm32f10x_gpio.o(i.GPIO_SetBits)
    GPIO_StructInit                          0x08000b6f   Thumb Code    16  stm32f10x_gpio.o(i.GPIO_StructInit)
    HardFault_Handler                        0x08000b7f   Thumb Code     4  stm32f10x_it.o(i.HardFault_Handler)
    MemManage_Handler                        0x08000b83   Thumb Code     4  stm32f10x_it.o(i.MemManage_Handler)
    NMI_Handler                              0x08000b87   Thumb Code     2  stm32f10x_it.o(i.NMI_Handler)
    NVIC_Init                                0x08000b89   Thumb Code   100  misc.o(i.NVIC_Init)
    NVIC_PriorityGroupConfig                 0x08000bf9   Thumb Code    10  misc.o(i.NVIC_PriorityGroupConfig)
    PWR_PVDCmd                               0x08000c0d   Thumb Code     6  stm32f10x_pwr.o(i.PWR_PVDCmd)
    PWR_PVDLevelConfig                       0x08000c19   Thumb Code    18  stm32f10x_pwr.o(i.PWR_PVDLevelConfig)
    PendSV_Handler                           0x08000c31   Thumb Code     2  stm32f10x_it.o(i.PendSV_Handler)
    Pvd_Init                                 0x08000c33   Thumb Code    24  pvd.o(i.Pvd_Init)
    RCC_ADCCLKConfig                         0x08000c4d   Thumb Code    18  stm32f10x_rcc.o(i.RCC_ADCCLKConfig)
    RCC_AHBPeriphClockCmd                    0x08000c65   Thumb Code    26  stm32f10x_rcc.o(i.RCC_AHBPeriphClockCmd)
    RCC_APB1PeriphClockCmd                   0x08000c85   Thumb Code    26  stm32f10x_rcc.o(i.RCC_APB1PeriphClockCmd)
    RCC_APB1PeriphResetCmd                   0x08000ca5   Thumb Code    26  stm32f10x_rcc.o(i.RCC_APB1PeriphResetCmd)
    RCC_APB2PeriphClockCmd                   0x08000cc5   Thumb Code    26  stm32f10x_rcc.o(i.RCC_APB2PeriphClockCmd)
    RCC_APB2PeriphResetCmd                   0x08000ce5   Thumb Code    26  stm32f10x_rcc.o(i.RCC_APB2PeriphResetCmd)
    RCC_GetClocksFreq                        0x08000d05   Thumb Code   192  stm32f10x_rcc.o(i.RCC_GetClocksFreq)
    SVC_Handler                              0x08000de1   Thumb Code     2  stm32f10x_it.o(i.SVC_Handler)
    Sound_buzzer_du_di                       0x08000ecd   Thumb Code   100  beep.o(i.Sound_buzzer_du_di)
    SysTick_CLKSourceConfig                  0x08000f35   Thumb Code    40  misc.o(i.SysTick_CLKSourceConfig)
    SysTick_Handler                          0x08000f5d   Thumb Code     2  stm32f10x_it.o(i.SysTick_Handler)
    SystemInit                               0x08000f61   Thumb Code    78  system_stm32f10x.o(i.SystemInit)
    TIM1_UP_IRQHandler                       0x08001201   Thumb Code    70  nvic.o(i.TIM1_UP_IRQHandler)
    TIM2_Encoder_Init                        0x08001251   Thumb Code   198  motor.o(i.TIM2_Encoder_Init)
    TIM2_IRQHandler                          0x0800131d   Thumb Code   108  nvic.o(i.TIM2_IRQHandler)
    TIM4_Motor_Pwm                           0x080013a5   Thumb Code   178  timer.o(i.TIM4_Motor_Pwm)
    TIM_ARRPreloadConfig                     0x08001461   Thumb Code    24  stm32f10x_tim.o(i.TIM_ARRPreloadConfig)
    TIM_ClearFlag                            0x08001479   Thumb Code     6  stm32f10x_tim.o(i.TIM_ClearFlag)
    TIM_ClearITPendingBit                    0x0800147f   Thumb Code     6  stm32f10x_tim.o(i.TIM_ClearITPendingBit)
    TIM_Cmd                                  0x08001485   Thumb Code    24  stm32f10x_tim.o(i.TIM_Cmd)
    TIM_DeInit                               0x0800149d   Thumb Code   424  stm32f10x_tim.o(i.TIM_DeInit)
    TIM_EncoderInterfaceConfig               0x08001685   Thumb Code    66  stm32f10x_tim.o(i.TIM_EncoderInterfaceConfig)
    TIM_GetFlagStatus                        0x080016c7   Thumb Code    18  stm32f10x_tim.o(i.TIM_GetFlagStatus)
    TIM_GetITStatus                          0x080016d9   Thumb Code    34  stm32f10x_tim.o(i.TIM_GetITStatus)
    TIM_ICInit                               0x080016fd   Thumb Code   150  stm32f10x_tim.o(i.TIM_ICInit)
    TIM_ICStructInit                         0x080017a9   Thumb Code    18  stm32f10x_tim.o(i.TIM_ICStructInit)
    TIM_ITConfig                             0x080017bb   Thumb Code    18  stm32f10x_tim.o(i.TIM_ITConfig)
    TIM_OC3Init                              0x080017cd   Thumb Code   150  stm32f10x_tim.o(i.TIM_OC3Init)
    TIM_OC3PreloadConfig                     0x0800186d   Thumb Code    18  stm32f10x_tim.o(i.TIM_OC3PreloadConfig)
    TIM_OC4Init                              0x08001881   Thumb Code   114  stm32f10x_tim.o(i.TIM_OC4Init)
    TIM_OC4PreloadConfig                     0x080018fd   Thumb Code    26  stm32f10x_tim.o(i.TIM_OC4PreloadConfig)
    TIM_SelectOnePulseMode                   0x08001917   Thumb Code    18  stm32f10x_tim.o(i.TIM_SelectOnePulseMode)
    TIM_SetIC1Prescaler                      0x08001929   Thumb Code    18  stm32f10x_tim.o(i.TIM_SetIC1Prescaler)
    TIM_SetIC2Prescaler                      0x0800193b   Thumb Code    26  stm32f10x_tim.o(i.TIM_SetIC2Prescaler)
    TIM_SetIC3Prescaler                      0x08001955   Thumb Code    18  stm32f10x_tim.o(i.TIM_SetIC3Prescaler)
    TIM_SetIC4Prescaler                      0x08001967   Thumb Code    26  stm32f10x_tim.o(i.TIM_SetIC4Prescaler)
    TIM_TimeBaseInit                         0x08001981   Thumb Code   122  stm32f10x_tim.o(i.TIM_TimeBaseInit)
    TIM_TimeBaseStructInit                   0x08001a25   Thumb Code    18  stm32f10x_tim.o(i.TIM_TimeBaseStructInit)
    Tim1_IT_ms                               0x08001a39   Thumb Code   110  timer.o(i.Tim1_IT_ms)
    USART1_IRQHandler                        0x08001aad   Thumb Code    94  nvic.o(i.USART1_IRQHandler)
    USART2_IRQHandler                        0x08001b19   Thumb Code   236  nvic.o(i.USART2_IRQHandler)
    USART_ClearITPendingBit                  0x08001c31   Thumb Code    30  stm32f10x_usart.o(i.USART_ClearITPendingBit)
    USART_Cmd                                0x08001c4f   Thumb Code    24  stm32f10x_usart.o(i.USART_Cmd)
    USART_GetFlagStatus                      0x08001c67   Thumb Code    26  stm32f10x_usart.o(i.USART_GetFlagStatus)
    USART_GetITStatus                        0x08001c81   Thumb Code    84  stm32f10x_usart.o(i.USART_GetITStatus)
    USART_ITConfig                           0x08001cd5   Thumb Code    74  stm32f10x_usart.o(i.USART_ITConfig)
    USART_Init                               0x08001d21   Thumb Code   210  stm32f10x_usart.o(i.USART_Init)
    USART_ReceiveData                        0x08001df9   Thumb Code    10  stm32f10x_usart.o(i.USART_ReceiveData)
    USART_SendData                           0x08001e03   Thumb Code     8  stm32f10x_usart.o(i.USART_SendData)
    UsageFault_Handler                       0x08001e0b   Thumb Code     4  stm32f10x_it.o(i.UsageFault_Handler)
    Usart1_Send_Byte                         0x08001e11   Thumb Code    28  usart.o(i.Usart1_Send_Byte)
    Usart1_Send_Str                          0x08001e31   Thumb Code    22  usart.o(i.Usart1_Send_Str)
    Usart2_Init                              0x08001e49   Thumb Code   184  usart.o(i.Usart2_Init)
    Valve_Init                               0x08001f09   Thumb Code    54  motor.o(i.Valve_Init)
    _sys_exit                                0x08001f45   Thumb Code     6  usart.o(i._sys_exit)
    fputc                                    0x08001f4d   Thumb Code    24  usart.o(i.fputc)
    main                                     0x08001f69   Thumb Code   114  main.o(i.main)
    Region$$Table$$Base                      0x08001fec   Number         0  anon$$obj.o(Region$$Table)
    Region$$Table$$Limit                     0x0800200c   Number         0  anon$$obj.o(Region$$Table)
    SystemCoreClock                          0x20000000   Data           4  system_stm32f10x.o(.data)
    AHBPrescTable                            0x20000004   Data          16  system_stm32f10x.o(.data)
    SendBuff                                 0x20000014   Data           5  adc.o(.data)
    A0                                       0x2000001c   Data           8  usart.o(.data)
    A1                                       0x20000024   Data           8  usart.o(.data)
    A2                                       0x2000002c   Data           8  usart.o(.data)
    A3                                       0x20000034   Data           8  usart.o(.data)
    Z1                                       0x2000003c   Data          16  usart.o(.data)
    Z2                                       0x2000004c   Data          16  usart.o(.data)
    Z3                                       0x2000005c   Data          16  usart.o(.data)
    Z4                                       0x2000006c   Data          18  usart.o(.data)
    Z5                                       0x2000007e   Data          16  usart.o(.data)
    Z6                                       0x2000008e   Data          19  usart.o(.data)
    Z7                                       0x200000a1   Data          17  usart.o(.data)
    Z8                                       0x200000b2   Data           8  usart.o(.data)
    E1                                       0x200000ba   Data          21  usart.o(.data)
    E2                                       0x200000cf   Data          20  usart.o(.data)
    E3                                       0x200000e3   Data          17  usart.o(.data)
    E4                                       0x200000f4   Data          16  usart.o(.data)
    E5                                       0x20000104   Data          18  usart.o(.data)
    E6                                       0x20000116   Data          21  usart.o(.data)
    E7                                       0x2000012b   Data          18  usart.o(.data)
    E8                                       0x2000013d   Data           8  usart.o(.data)
    Cheak_page                               0x20000145   Data           4  usart.o(.data)
    JUMP_TO_6                                0x20000149   Data           5  usart.o(.data)
    JUMP_TO_8                                0x2000014e   Data           5  usart.o(.data)
    JUMP_TO_10                               0x20000153   Data           5  usart.o(.data)
    __stdout                                 0x20000158   Data           4  usart.o(.data)
    src_flag                                 0x2000015c   Data           1  nvic.o(.data)
    Adc_Fuya                                 0x2000015e   Data           2  nvic.o(.data)
    Motor_speed                              0x20000160   Data           2  nvic.o(.data)
    Stuck_in                                 0x20000162   Data           1  nvic.o(.data)
    Motor_Flag                               0x20000163   Data           1  nvic.o(.data)
    TIM_CC1                                  0x20000164   Data           4  nvic.o(.data)
    TIM_CC2                                  0x20000168   Data           2  nvic.o(.data)
    Menmory_number                           0x20000170   Data           1  function.o(.data)
    Menmory_First                            0x20000171   Data           1  function.o(.data)
    EN1_CHN0                                 0x20000172   Data           1  function.o(.data)
    Set_Buzzer_off                           0x20000173   Data           1  function.o(.data)
    Injector_mode                            0x20000174   Data           1  function.o(.data)
    Syringe_type                             0x20000175   Data           1  function.o(.data)
    Flow_rate                                0x20000176   Data           1  function.o(.data)
    Power_level                              0x20000177   Data           1  function.o(.data)
    Suction_Ready                            0x20000178   Data           1  function.o(.data)
    Sub_menu                                 0x20000179   Data           1  function.o(.data)
    Sub_menu_data                            0x2000017a   Data           1  function.o(.data)
    Syringe_volume                           0x2000017c   Data           4  function.o(.data)
    Total_Shot                               0x20000180   Data           1  function.o(.data)
    Shot_count                               0x20000181   Data           1  function.o(.data)
    One_Dose                                 0x20000182   Data           2  function.o(.data)
    One_Dose_Grade                           0x20000184   Data           1  function.o(.data)
    disp_Shot_count_Total_Shot_Team_selection 0x20000185   Data           1  function.o(.data)
    disp_One_Dose                            0x20000186   Data          12  function.o(.data)
    disp_Total_Shot_ADJ                      0x20000192   Data           4  function.o(.data)
    Specs                                    0x20000198   Data           4  function.o(.data)
    R_Time                                   0x2000019c   Data           4  function.o(.data)
    L_Time                                   0x200001a0   Data           4  function.o(.data)
    Motor_Time                               0x200001a4   Data           2  function.o(.data)
    usart1_buff                              0x200001bc   Data          30  nvic.o(.bss)
    usart2_buff                              0x200001da   Data          30  nvic.o(.bss)
    timer1_flag                              0x200001f8   Data          20  nvic.o(.bss)
    __libspace_start                         0x2000020c   Data          96  libspace.o(.bss)
    __temporary_stack_top$libspace           0x2000026c   Data           0  libspace.o(.bss)



==============================================================================

Memory Map of the image

  Image Entry point : 0x08000131

  Load Region LR_IROM1 (Base: 0x08000000, Size: 0x000021c8, Max: 0x00040000, ABSOLUTE, COMPRESSED[0x00002158])

    Execution Region ER_IROM1 (Base: 0x08000000, Size: 0x0000200c, Max: 0x00040000, ABSOLUTE)

    Base Addr    Size         Type   Attr      Idx    E Section Name        Object

    0x08000000   0x00000130   Data   RO            3    RESET               startup_stm32f10x_hd.o
    0x08000130   0x00000008   Code   RO         3659  * !!!main             c_w.l(__main.o)
    0x08000138   0x00000034   Code   RO         3828    !!!scatter          c_w.l(__scatter.o)
    0x0800016c   0x0000005a   Code   RO         3826    !!dczerorl2         c_w.l(__dczerorl2.o)
    0x080001c6   0x00000002   PAD
    0x080001c8   0x0000001c   Code   RO         3830    !!handler_zi        c_w.l(__scatter_zi.o)
    0x080001e4   0x00000000   Code   RO         3652    .ARM.Collect$$_printf_percent$$00000000  c_w.l(_printf_percent.o)
    0x080001e4   0x00000006   Code   RO         3651    .ARM.Collect$$_printf_percent$$00000009  c_w.l(_printf_d.o)
    0x080001ea   0x00000004   Code   RO         3668    .ARM.Collect$$_printf_percent$$00000017  c_w.l(_printf_percent_end.o)
    0x080001ee   0x00000002   Code   RO         3701    .ARM.Collect$$libinit$$00000000  c_w.l(libinit.o)
    0x080001f0   0x00000000   Code   RO         3708    .ARM.Collect$$libinit$$00000002  c_w.l(libinit2.o)
    0x080001f0   0x00000000   Code   RO         3710    .ARM.Collect$$libinit$$00000004  c_w.l(libinit2.o)
    0x080001f0   0x00000000   Code   RO         3713    .ARM.Collect$$libinit$$0000000A  c_w.l(libinit2.o)
    0x080001f0   0x00000000   Code   RO         3715    .ARM.Collect$$libinit$$0000000C  c_w.l(libinit2.o)
    0x080001f0   0x00000000   Code   RO         3717    .ARM.Collect$$libinit$$0000000E  c_w.l(libinit2.o)
    0x080001f0   0x00000000   Code   RO         3720    .ARM.Collect$$libinit$$00000011  c_w.l(libinit2.o)
    0x080001f0   0x00000000   Code   RO         3722    .ARM.Collect$$libinit$$00000013  c_w.l(libinit2.o)
    0x080001f0   0x00000000   Code   RO         3724    .ARM.Collect$$libinit$$00000015  c_w.l(libinit2.o)
    0x080001f0   0x00000000   Code   RO         3726    .ARM.Collect$$libinit$$00000017  c_w.l(libinit2.o)
    0x080001f0   0x00000000   Code   RO         3728    .ARM.Collect$$libinit$$00000019  c_w.l(libinit2.o)
    0x080001f0   0x00000000   Code   RO         3730    .ARM.Collect$$libinit$$0000001B  c_w.l(libinit2.o)
    0x080001f0   0x00000000   Code   RO         3732    .ARM.Collect$$libinit$$0000001D  c_w.l(libinit2.o)
    0x080001f0   0x00000000   Code   RO         3734    .ARM.Collect$$libinit$$0000001F  c_w.l(libinit2.o)
    0x080001f0   0x00000000   Code   RO         3736    .ARM.Collect$$libinit$$00000021  c_w.l(libinit2.o)
    0x080001f0   0x00000000   Code   RO         3738    .ARM.Collect$$libinit$$00000023  c_w.l(libinit2.o)
    0x080001f0   0x00000000   Code   RO         3740    .ARM.Collect$$libinit$$00000025  c_w.l(libinit2.o)
    0x080001f0   0x00000000   Code   RO         3744    .ARM.Collect$$libinit$$0000002C  c_w.l(libinit2.o)
    0x080001f0   0x00000000   Code   RO         3746    .ARM.Collect$$libinit$$0000002E  c_w.l(libinit2.o)
    0x080001f0   0x00000000   Code   RO         3748    .ARM.Collect$$libinit$$00000030  c_w.l(libinit2.o)
    0x080001f0   0x00000000   Code   RO         3750    .ARM.Collect$$libinit$$00000032  c_w.l(libinit2.o)
    0x080001f0   0x00000002   Code   RO         3751    .ARM.Collect$$libinit$$00000033  c_w.l(libinit2.o)
    0x080001f2   0x00000002   Code   RO         3769    .ARM.Collect$$libshutdown$$00000000  c_w.l(libshutdown.o)
    0x080001f4   0x00000000   Code   RO         3780    .ARM.Collect$$libshutdown$$00000003  c_w.l(libshutdown2.o)
    0x080001f4   0x00000000   Code   RO         3783    .ARM.Collect$$libshutdown$$00000006  c_w.l(libshutdown2.o)
    0x080001f4   0x00000000   Code   RO         3786    .ARM.Collect$$libshutdown$$00000009  c_w.l(libshutdown2.o)
    0x080001f4   0x00000000   Code   RO         3788    .ARM.Collect$$libshutdown$$0000000B  c_w.l(libshutdown2.o)
    0x080001f4   0x00000000   Code   RO         3791    .ARM.Collect$$libshutdown$$0000000E  c_w.l(libshutdown2.o)
    0x080001f4   0x00000002   Code   RO         3792    .ARM.Collect$$libshutdown$$0000000F  c_w.l(libshutdown2.o)
    0x080001f6   0x00000000   Code   RO         3663    .ARM.Collect$$rtentry$$00000000  c_w.l(__rtentry.o)
    0x080001f6   0x00000000   Code   RO         3670    .ARM.Collect$$rtentry$$00000002  c_w.l(__rtentry2.o)
    0x080001f6   0x00000006   Code   RO         3682    .ARM.Collect$$rtentry$$00000004  c_w.l(__rtentry4.o)
    0x080001fc   0x00000000   Code   RO         3672    .ARM.Collect$$rtentry$$00000009  c_w.l(__rtentry2.o)
    0x080001fc   0x00000004   Code   RO         3673    .ARM.Collect$$rtentry$$0000000A  c_w.l(__rtentry2.o)
    0x08000200   0x00000000   Code   RO         3675    .ARM.Collect$$rtentry$$0000000C  c_w.l(__rtentry2.o)
    0x08000200   0x00000008   Code   RO         3676    .ARM.Collect$$rtentry$$0000000D  c_w.l(__rtentry2.o)
    0x08000208   0x00000002   Code   RO         3705    .ARM.Collect$$rtexit$$00000000  c_w.l(rtexit.o)
    0x0800020a   0x00000000   Code   RO         3753    .ARM.Collect$$rtexit$$00000002  c_w.l(rtexit2.o)
    0x0800020a   0x00000004   Code   RO         3754    .ARM.Collect$$rtexit$$00000003  c_w.l(rtexit2.o)
    0x0800020e   0x00000006   Code   RO         3755    .ARM.Collect$$rtexit$$00000004  c_w.l(rtexit2.o)
    0x08000214   0x00000040   Code   RO            4    .text               startup_stm32f10x_hd.o
    0x08000254   0x00000002   Code   RO         3621    .text               c_w.l(use_no_semi_2.o)
    0x08000256   0x00000002   PAD
    0x08000258   0x00000018   Code   RO         3625    .text               c_w.l(noretval__2printf.o)
    0x08000270   0x00000068   Code   RO         3627    .text               c_w.l(__printf.o)
    0x080002d8   0x00000078   Code   RO         3629    .text               c_w.l(_printf_dec.o)
    0x08000350   0x0000004e   Code   RO         3653    .text               c_w.l(rt_memclr_w.o)
    0x0800039e   0x00000002   PAD
    0x080003a0   0x00000080   Code   RO         3655    .text               c_w.l(strcmpv7m.o)
    0x08000420   0x00000006   Code   RO         3657    .text               c_w.l(heapauxi.o)
    0x08000426   0x00000002   Code   RO         3661    .text               c_w.l(use_no_semi.o)
    0x08000428   0x000000b2   Code   RO         3664    .text               c_w.l(_printf_intcommon.o)
    0x080004da   0x00000002   PAD
    0x080004dc   0x00000024   Code   RO         3666    .text               c_w.l(_printf_char_file.o)
    0x08000500   0x00000030   Code   RO         3684    .text               c_w.l(_printf_char_common.o)
    0x08000530   0x00000008   Code   RO         3686    .text               c_w.l(ferror.o)
    0x08000538   0x0000004a   Code   RO         3690    .text               c_w.l(sys_stackheap_outer.o)
    0x08000582   0x0000000c   Code   RO         3694    .text               c_w.l(exit.o)
    0x0800058e   0x00000002   PAD
    0x08000590   0x00000008   Code   RO         3702    .text               c_w.l(libspace.o)
    0x08000598   0x00000016   Code   RO          814    i.ADC_Cmd           stm32f10x_adc.o
    0x080005ae   0x00000002   PAD
    0x080005b0   0x00000088   Code   RO          331    i.ADC_DMA_Init      adc.o
    0x08000638   0x0000005c   Code   RO          816    i.ADC_DeInit        stm32f10x_adc.o
    0x08000694   0x00000014   Code   RO          822    i.ADC_GetCalibrationStatus  stm32f10x_adc.o
    0x080006a8   0x00000014   Code   RO          828    i.ADC_GetResetCalibrationStatus  stm32f10x_adc.o
    0x080006bc   0x00000050   Code   RO          832    i.ADC_Init          stm32f10x_adc.o
    0x0800070c   0x0000000a   Code   RO          837    i.ADC_ResetCalibration  stm32f10x_adc.o
    0x08000716   0x0000000a   Code   RO          841    i.ADC_StartCalibration  stm32f10x_adc.o
    0x08000720   0x000000a0   Code   RO          332    i.Adc1_Ch9_Init     adc.o
    0x080007c0   0x00000038   Code   RO          283    i.Beep_Init         beep.o
    0x080007f8   0x00000004   Code   RO           10    i.BusFault_Handler  stm32f10x_it.o
    0x080007fc   0x00000020   Code   RO          446    i.DMA1_Channel1_IRQHandler  nvic.o
    0x0800081c   0x0000001c   Code   RO         1498    i.DMA_ClearITPendingBit  stm32f10x_dma.o
    0x08000838   0x00000018   Code   RO         1499    i.DMA_Cmd           stm32f10x_dma.o
    0x08000850   0x00000012   Code   RO         1504    i.DMA_ITConfig      stm32f10x_dma.o
    0x08000862   0x0000003c   Code   RO         1505    i.DMA_Init          stm32f10x_dma.o
    0x0800089e   0x00000002   Code   RO           11    i.DebugMon_Handler  stm32f10x_it.o
    0x080008a0   0x00000070   Code   RO          591    i.Delay_ms          timer.o
    0x08000910   0x00000070   Code   RO          313    i.Delay_ms_use_SysTick  systick.o
    0x08000980   0x00000064   Code   RO          314    i.Delay_us_use_SysTick  systick.o
    0x080009e4   0x00000030   Code   RO          489    i.Foot_Init         motor.o
    0x08000a14   0x0000003c   Code   RO          490    i.Fuya_Init         motor.o
    0x08000a50   0x00000116   Code   RO         1803    i.GPIO_Init         stm32f10x_gpio.o
    0x08000b66   0x00000004   Code   RO         1810    i.GPIO_ResetBits    stm32f10x_gpio.o
    0x08000b6a   0x00000004   Code   RO         1811    i.GPIO_SetBits      stm32f10x_gpio.o
    0x08000b6e   0x00000010   Code   RO         1812    i.GPIO_StructInit   stm32f10x_gpio.o
    0x08000b7e   0x00000004   Code   RO           12    i.HardFault_Handler  stm32f10x_it.o
    0x08000b82   0x00000004   Code   RO           13    i.MemManage_Handler  stm32f10x_it.o
    0x08000b86   0x00000002   Code   RO           14    i.NMI_Handler       stm32f10x_it.o
    0x08000b88   0x00000070   Code   RO          772    i.NVIC_Init         misc.o
    0x08000bf8   0x00000014   Code   RO          773    i.NVIC_PriorityGroupConfig  misc.o
    0x08000c0c   0x0000000c   Code   RO         2163    i.PWR_PVDCmd        stm32f10x_pwr.o
    0x08000c18   0x00000018   Code   RO         2164    i.PWR_PVDLevelConfig  stm32f10x_pwr.o
    0x08000c30   0x00000002   Code   RO           15    i.PendSV_Handler    stm32f10x_it.o
    0x08000c32   0x00000018   Code   RO          755    i.Pvd_Init          pvd.o
    0x08000c4a   0x00000002   PAD
    0x08000c4c   0x00000018   Code   RO         2217    i.RCC_ADCCLKConfig  stm32f10x_rcc.o
    0x08000c64   0x00000020   Code   RO         2218    i.RCC_AHBPeriphClockCmd  stm32f10x_rcc.o
    0x08000c84   0x00000020   Code   RO         2219    i.RCC_APB1PeriphClockCmd  stm32f10x_rcc.o
    0x08000ca4   0x00000020   Code   RO         2220    i.RCC_APB1PeriphResetCmd  stm32f10x_rcc.o
    0x08000cc4   0x00000020   Code   RO         2221    i.RCC_APB2PeriphClockCmd  stm32f10x_rcc.o
    0x08000ce4   0x00000020   Code   RO         2222    i.RCC_APB2PeriphResetCmd  stm32f10x_rcc.o
    0x08000d04   0x000000dc   Code   RO         2229    i.RCC_GetClocksFreq  stm32f10x_rcc.o
    0x08000de0   0x00000002   Code   RO           16    i.SVC_Handler       stm32f10x_it.o
    0x08000de2   0x00000008   Code   RO          160    i.SetSysClock       system_stm32f10x.o
    0x08000dea   0x00000002   PAD
    0x08000dec   0x000000e0   Code   RO          161    i.SetSysClockTo72   system_stm32f10x.o
    0x08000ecc   0x00000068   Code   RO          286    i.Sound_buzzer_du_di  beep.o
    0x08000f34   0x00000028   Code   RO          776    i.SysTick_CLKSourceConfig  misc.o
    0x08000f5c   0x00000002   Code   RO           17    i.SysTick_Handler   stm32f10x_it.o
    0x08000f5e   0x00000002   PAD
    0x08000f60   0x00000060   Code   RO          163    i.SystemInit        system_stm32f10x.o
    0x08000fc0   0x00000080   Code   RO         2837    i.TI1_Config        stm32f10x_tim.o
    0x08001040   0x00000098   Code   RO         2838    i.TI2_Config        stm32f10x_tim.o
    0x080010d8   0x00000090   Code   RO         2839    i.TI3_Config        stm32f10x_tim.o
    0x08001168   0x00000098   Code   RO         2840    i.TI4_Config        stm32f10x_tim.o
    0x08001200   0x00000050   Code   RO          447    i.TIM1_UP_IRQHandler  nvic.o
    0x08001250   0x000000cc   Code   RO          501    i.TIM2_Encoder_Init  motor.o
    0x0800131c   0x00000088   Code   RO          448    i.TIM2_IRQHandler   nvic.o
    0x080013a4   0x000000bc   Code   RO          593    i.TIM4_Motor_Pwm    timer.o
    0x08001460   0x00000018   Code   RO         2841    i.TIM_ARRPreloadConfig  stm32f10x_tim.o
    0x08001478   0x00000006   Code   RO         2847    i.TIM_ClearFlag     stm32f10x_tim.o
    0x0800147e   0x00000006   Code   RO         2848    i.TIM_ClearITPendingBit  stm32f10x_tim.o
    0x08001484   0x00000018   Code   RO         2853    i.TIM_Cmd           stm32f10x_tim.o
    0x0800149c   0x000001e8   Code   RO         2858    i.TIM_DeInit        stm32f10x_tim.o
    0x08001684   0x00000042   Code   RO         2862    i.TIM_EncoderInterfaceConfig  stm32f10x_tim.o
    0x080016c6   0x00000012   Code   RO         2873    i.TIM_GetFlagStatus  stm32f10x_tim.o
    0x080016d8   0x00000022   Code   RO         2874    i.TIM_GetITStatus   stm32f10x_tim.o
    0x080016fa   0x00000002   PAD
    0x080016fc   0x000000ac   Code   RO         2876    i.TIM_ICInit        stm32f10x_tim.o
    0x080017a8   0x00000012   Code   RO         2877    i.TIM_ICStructInit  stm32f10x_tim.o
    0x080017ba   0x00000012   Code   RO         2878    i.TIM_ITConfig      stm32f10x_tim.o
    0x080017cc   0x000000a0   Code   RO         2892    i.TIM_OC3Init       stm32f10x_tim.o
    0x0800186c   0x00000012   Code   RO         2895    i.TIM_OC3PreloadConfig  stm32f10x_tim.o
    0x0800187e   0x00000002   PAD
    0x08001880   0x0000007c   Code   RO         2897    i.TIM_OC4Init       stm32f10x_tim.o
    0x080018fc   0x0000001a   Code   RO         2899    i.TIM_OC4PreloadConfig  stm32f10x_tim.o
    0x08001916   0x00000012   Code   RO         2909    i.TIM_SelectOnePulseMode  stm32f10x_tim.o
    0x08001928   0x00000012   Code   RO         2919    i.TIM_SetIC1Prescaler  stm32f10x_tim.o
    0x0800193a   0x0000001a   Code   RO         2920    i.TIM_SetIC2Prescaler  stm32f10x_tim.o
    0x08001954   0x00000012   Code   RO         2921    i.TIM_SetIC3Prescaler  stm32f10x_tim.o
    0x08001966   0x0000001a   Code   RO         2922    i.TIM_SetIC4Prescaler  stm32f10x_tim.o
    0x08001980   0x000000a4   Code   RO         2924    i.TIM_TimeBaseInit  stm32f10x_tim.o
    0x08001a24   0x00000012   Code   RO         2925    i.TIM_TimeBaseStructInit  stm32f10x_tim.o
    0x08001a36   0x00000002   PAD
    0x08001a38   0x00000074   Code   RO          594    i.Tim1_IT_ms        timer.o
    0x08001aac   0x0000006c   Code   RO          449    i.USART1_IRQHandler  nvic.o
    0x08001b18   0x00000118   Code   RO          450    i.USART2_IRQHandler  nvic.o
    0x08001c30   0x0000001e   Code   RO         3386    i.USART_ClearITPendingBit  stm32f10x_usart.o
    0x08001c4e   0x00000018   Code   RO         3389    i.USART_Cmd         stm32f10x_usart.o
    0x08001c66   0x0000001a   Code   RO         3392    i.USART_GetFlagStatus  stm32f10x_usart.o
    0x08001c80   0x00000054   Code   RO         3393    i.USART_GetITStatus  stm32f10x_usart.o
    0x08001cd4   0x0000004a   Code   RO         3395    i.USART_ITConfig    stm32f10x_usart.o
    0x08001d1e   0x00000002   PAD
    0x08001d20   0x000000d8   Code   RO         3396    i.USART_Init        stm32f10x_usart.o
    0x08001df8   0x0000000a   Code   RO         3403    i.USART_ReceiveData  stm32f10x_usart.o
    0x08001e02   0x00000008   Code   RO         3406    i.USART_SendData    stm32f10x_usart.o
    0x08001e0a   0x00000004   Code   RO           18    i.UsageFault_Handler  stm32f10x_it.o
    0x08001e0e   0x00000002   PAD
    0x08001e10   0x00000020   Code   RO          366    i.Usart1_Send_Byte  usart.o
    0x08001e30   0x00000016   Code   RO          367    i.Usart1_Send_Str   usart.o
    0x08001e46   0x00000002   PAD
    0x08001e48   0x000000c0   Code   RO          369    i.Usart2_Init       usart.o
    0x08001f08   0x0000003c   Code   RO          502    i.Valve_Init        motor.o
    0x08001f44   0x00000006   Code   RO          373    i._sys_exit         usart.o
    0x08001f4a   0x00000002   PAD
    0x08001f4c   0x0000001c   Code   RO          374    i.fputc             usart.o
    0x08001f68   0x00000084   Code   RO          194    i.main              main.o
    0x08001fec   0x00000020   Data   RO         3824    Region$$Table       anon$$obj.o


    Execution Region RW_IRAM1 (Base: 0x20000000, Size: 0x00000870, Max: 0x0000c000, ABSOLUTE, COMPRESSED[0x0000014c])

    Base Addr    Size         Type   Attr      Idx    E Section Name        Object

    0x20000000   0x00000014   Data   RW          164    .data               system_stm32f10x.o
    0x20000014   0x00000005   Data   RW          335    .data               adc.o
    0x20000019   0x00000003   PAD
    0x2000001c   0x00000140   Data   RW          375    .data               usart.o
    0x2000015c   0x00000012   Data   RW          452    .data               nvic.o
    0x2000016e   0x00000002   PAD
    0x20000170   0x00000036   Data   RW          722    .data               function.o
    0x200001a6   0x00000014   Data   RW         2249    .data               stm32f10x_rcc.o
    0x200001ba   0x00000002   PAD
    0x200001bc   0x00000050   Zero   RW          451    .bss                nvic.o
    0x2000020c   0x00000060   Zero   RW         3703    .bss                c_w.l(libspace.o)
    0x2000026c   0x00000004   PAD
    0x20000270   0x00000200   Zero   RW            2    HEAP                startup_stm32f10x_hd.o
    0x20000470   0x00000400   Zero   RW            1    STACK               startup_stm32f10x_hd.o


==============================================================================

Image component sizes


      Code (inc. data)   RO Data    RW Data    ZI Data      Debug   Object Name

       296         22          0          5          0       1658   adc.o
       160         10          0          0          0        981   beep.o
         0          0          0         54          0       1469   function.o
       132         18          0          0          0     214715   main.o
       172         22          0          0          0       2449   misc.o
       372         22          0          0          0       2113   motor.o
       636        102          0         18         80       3410   nvic.o
        24          0          0          0          0        423   pvd.o
        64         26        304          0       1536        888   startup_stm32f10x_hd.o
       254         24          0          0          0       6699   stm32f10x_adc.o
       130         10          0          0          0       4364   stm32f10x_dma.o
       302          0          0          0          0       4026   stm32f10x_gpio.o
        26          0          0          0          0      62970   stm32f10x_it.o
        36         12          0          0          0       1210   stm32f10x_pwr.o
       404         64          0         20          0       7459   stm32f10x_rcc.o
      2066        234          0          0          0      19227   stm32f10x_tim.o
       472          6          0          0          0       7571   stm32f10x_usart.o
       328         28          0         20          0       2493   system_stm32f10x.o
       212         18          0          0          0       1146   systick.o
       416         20          0          0          0       1765   timer.o
       280         16          0        320          0       5147   usart.o

    ----------------------------------------------------------------------
      6804        654        336        444       1616     352183   Object Totals
         0          0         32          0          0          0   (incl. Generated)
        22          0          0          7          0          0   (incl. Padding)

    ----------------------------------------------------------------------

      Code (inc. data)   RO Data    RW Data    ZI Data      Debug   Library Member Name

        90          0          0          0          0          0   __dczerorl2.o
         8          0          0          0          0         68   __main.o
       104          0          0          0          0         84   __printf.o
         0          0          0          0          0          0   __rtentry.o
        12          0          0          0          0          0   __rtentry2.o
         6          0          0          0          0          0   __rtentry4.o
        52          8          0          0          0          0   __scatter.o
        28          0          0          0          0          0   __scatter_zi.o
        48          6          0          0          0         96   _printf_char_common.o
        36          4          0          0          0         80   _printf_char_file.o
         6          0          0          0          0          0   _printf_d.o
       120         16          0          0          0         92   _printf_dec.o
       178          0          0          0          0         88   _printf_intcommon.o
         0          0          0          0          0          0   _printf_percent.o
         4          0          0          0          0          0   _printf_percent_end.o
        12          0          0          0          0         72   exit.o
         8          0          0          0          0         68   ferror.o
         6          0          0          0          0        152   heapauxi.o
         2          0          0          0          0          0   libinit.o
         2          0          0          0          0          0   libinit2.o
         2          0          0          0          0          0   libshutdown.o
         2          0          0          0          0          0   libshutdown2.o
         8          4          0          0         96         68   libspace.o
        24          4          0          0          0         84   noretval__2printf.o
        78          0          0          0          0         80   rt_memclr_w.o
         2          0          0          0          0          0   rtexit.o
        10          0          0          0          0          0   rtexit2.o
       128          0          0          0          0         68   strcmpv7m.o
        74          0          0          0          0         80   sys_stackheap_outer.o
         2          0          0          0          0         68   use_no_semi.o
         2          0          0          0          0         68   use_no_semi_2.o

    ----------------------------------------------------------------------
      1064         42          0          0        100       1316   Library Totals
        10          0          0          0          4          0   (incl. Padding)

    ----------------------------------------------------------------------

      Code (inc. data)   RO Data    RW Data    ZI Data      Debug   Library Name

      1054         42          0          0         96       1316   c_w.l

    ----------------------------------------------------------------------
      1064         42          0          0        100       1316   Library Totals

    ----------------------------------------------------------------------

==============================================================================


      Code (inc. data)   RO Data    RW Data    ZI Data      Debug   

      7868        696        336        444       1716     347983   Grand Totals
      7868        696        336        332       1716     347983   ELF Image Totals (compressed)
      7868        696        336        332          0          0   ROM Totals

==============================================================================

    Total RO  Size (Code + RO Data)                 8204 (   8.01kB)
    Total RW  Size (RW Data + ZI Data)              2160 (   2.11kB)
    Total ROM Size (Code + RO Data + RW Data)       8536 (   8.34kB)

==============================================================================

